../Core/Src/stm32f1xx_it.c:70:6:NMI_Handler	4	static
../Core/Src/stm32f1xx_it.c:85:6:HardFault_Handler	16	static
../Core/Src/stm32f1xx_it.c:100:6:MemManage_Handler	16	static
../Core/Src/stm32f1xx_it.c:115:6:BusFault_Handler	4	static
../Core/Src/stm32f1xx_it.c:130:6:UsageFault_Handler	4	static
../Core/Src/stm32f1xx_it.c:145:6:SVC_Handler	4	static
../Core/Src/stm32f1xx_it.c:158:6:DebugMon_Handler	4	static
../Core/Src/stm32f1xx_it.c:171:6:PendSV_Handler	4	static
../Core/Src/stm32f1xx_it.c:185:6:SysTick_Handler	4	static
../Core/Src/stm32f1xx_it.c:200:6:EXTI0_IRQHandler	4	static
../Core/Src/stm32f1xx_it.c:203:6:EXTI1_IRQHandler	4	static
../Core/Src/stm32f1xx_it.c:207:6:EXTI2_IRQHandler	4	static
../Core/Src/stm32f1xx_it.c:210:6:EXTI3_IRQHandler	4	static
../Core/Src/stm32f1xx_it.c:213:6:EXTI4_IRQHandler	4	static
../Core/Src/stm32f1xx_it.c:218:6:DMA1_Channel1_IRQHandler	8	static
../Core/Src/stm32f1xx_it.c:226:6:DMA1_Channel2_IRQHandler	8	static
../Core/Src/stm32f1xx_it.c:233:6:DMA1_Channel3_IRQHandler	8	static
../Core/Src/stm32f1xx_it.c:240:6:DMA1_Channel4_IRQHandler	8	static
../Core/Src/stm32f1xx_it.c:247:6:DMA1_Channel5_IRQHandler	8	static
../Core/Src/stm32f1xx_it.c:254:6:DMA1_Channel6_IRQHandler	8	static
../Core/Src/stm32f1xx_it.c:261:6:DMA1_Channel7_IRQHandler	8	static
