../Core/Src/DMA.c:14:6:DMA_StreamConfig	16	static
../Core/Src/DMA.c:28:6:DMA_Enable	24	static
../Core/Src/DMA.c:35:6:DMA_Disable	16	static
../Core/Src/DMA.c:38:6:DMA_Interrput_SelectCallBack	16	static
../Core/Src/DMA.c:59:6:DMA1_Stream0_IRQHandler	8	static
../Core/Src/DMA.c:67:6:DMA1_Stream1_IRQHandler	8	static
../Core/Src/DMA.c:75:6:DMA1_Stream2_IRQHandler	4	static
../Core/Src/DMA.c:82:6:DMA1_Stream3_IRQHandler	8	static
../Core/Src/DMA.c:90:6:DMA1_Stream4_IRQHandler	8	static
../Core/Src/DMA.c:98:6:DMA1_Stream5_IRQHandler	8	static
../Core/Src/DMA.c:106:6:DMA1_Stream6_IRQHandler	8	static
../Core/Src/DMA.c:114:6:DMA1_Stream7_IRQHandler	8	static
