../Core/SEGGER/SEGGER_SYSVIEW.c:405:12:_EncodeData	32	static
../Core/SEGGER/SEGGER_SYSVIEW.c:450:12:_EncodeStr	32	static
../Core/SEGGER/SEGGER_SYSVIEW.c:504:12:_PreparePacket	16	static
../Core/SEGGER/SEGGER_SYSVIEW.c:521:13:_HandleIncomingPacket	16	static
../Core/SEGGER/SEGGER_SYSVIEW.c:588:12:_TrySendOverflowPacket	56	static
../Core/SEGGER/SEGGER_SYSVIEW.c:693:13:_SendPacket	48	static
../Core/SEGGER/SEGGER_SYSVIEW.c:898:12:_VPrintHost	144	static,ignoring_inline_asm
../Core/SEGGER/SEGGER_SYSVIEW.c:979:13:_StoreChar	48	static
../Core/SEGGER/SEGGER_SYSVIEW.c:1021:13:_PrintUnsigned	48	static
../Core/SEGGER/SEGGER_SYSVIEW.c:1112:13:_PrintInt	40	static
../Core/SEGGER/SEGGER_SYSVIEW.c:1185:13:_VPrintTarget	104	static,ignoring_inline_asm
../Core/SEGGER/SEGGER_SYSVIEW.c:1361:6:SEGGER_SYSVIEW_Init	32	static
../Core/SEGGER/SEGGER_SYSVIEW.c:1412:6:SEGGER_SYSVIEW_SetRAMBase	16	static
../Core/SEGGER/SEGGER_SYSVIEW.c:1426:6:SEGGER_SYSVIEW_RecordVoid	24	static,ignoring_inline_asm
../Core/SEGGER/SEGGER_SYSVIEW.c:1446:6:SEGGER_SYSVIEW_RecordU32	40	static,ignoring_inline_asm
../Core/SEGGER/SEGGER_SYSVIEW.c:1469:6:SEGGER_SYSVIEW_RecordU32x2	56	static,ignoring_inline_asm
../Core/SEGGER/SEGGER_SYSVIEW.c:1494:6:SEGGER_SYSVIEW_RecordU32x3	64	static,ignoring_inline_asm
../Core/SEGGER/SEGGER_SYSVIEW.c:1521:6:SEGGER_SYSVIEW_RecordU32x4	72	static,ignoring_inline_asm
../Core/SEGGER/SEGGER_SYSVIEW.c:1550:6:SEGGER_SYSVIEW_RecordU32x5	80	static,ignoring_inline_asm
../Core/SEGGER/SEGGER_SYSVIEW.c:1581:6:SEGGER_SYSVIEW_RecordU32x6	88	static,ignoring_inline_asm
../Core/SEGGER/SEGGER_SYSVIEW.c:1614:6:SEGGER_SYSVIEW_RecordU32x7	96	static,ignoring_inline_asm
../Core/SEGGER/SEGGER_SYSVIEW.c:1649:6:SEGGER_SYSVIEW_RecordU32x8	104	static,ignoring_inline_asm
../Core/SEGGER/SEGGER_SYSVIEW.c:1686:6:SEGGER_SYSVIEW_RecordU32x9	112	static,ignoring_inline_asm
../Core/SEGGER/SEGGER_SYSVIEW.c:1725:6:SEGGER_SYSVIEW_RecordU32x10	120	static,ignoring_inline_asm
../Core/SEGGER/SEGGER_SYSVIEW.c:1760:6:SEGGER_SYSVIEW_RecordString	32	static,ignoring_inline_asm
../Core/SEGGER/SEGGER_SYSVIEW.c:1796:6:SEGGER_SYSVIEW_Start	56	static,ignoring_inline_asm
../Core/SEGGER/SEGGER_SYSVIEW.c:1851:6:SEGGER_SYSVIEW_Stop	16	static,ignoring_inline_asm
../Core/SEGGER/SEGGER_SYSVIEW.c:1869:5:SEGGER_SYSVIEW_GetChannelID	4	static
../Core/SEGGER/SEGGER_SYSVIEW.c:1881:6:SEGGER_SYSVIEW_GetSysDesc	56	static,ignoring_inline_asm
../Core/SEGGER/SEGGER_SYSVIEW.c:1909:6:SEGGER_SYSVIEW_SendTaskInfo	80	static,ignoring_inline_asm
../Core/SEGGER/SEGGER_SYSVIEW.c:1936:6:SEGGER_SYSVIEW_SendTaskList	8	static
../Core/SEGGER/SEGGER_SYSVIEW.c:1966:6:SEGGER_SYSVIEW_SendSysDesc	32	static,ignoring_inline_asm
../Core/SEGGER/SEGGER_SYSVIEW.c:1984:6:SEGGER_SYSVIEW_RecordSystime	24	static
../Core/SEGGER/SEGGER_SYSVIEW.c:2008:6:SEGGER_SYSVIEW_RecordEnterISR	32	static,ignoring_inline_asm
../Core/SEGGER/SEGGER_SYSVIEW.c:2035:6:SEGGER_SYSVIEW_RecordExitISR	16	static,ignoring_inline_asm
../Core/SEGGER/SEGGER_SYSVIEW.c:2057:6:SEGGER_SYSVIEW_RecordExitISRToScheduler	16	static,ignoring_inline_asm
../Core/SEGGER/SEGGER_SYSVIEW.c:2075:6:SEGGER_SYSVIEW_RecordEnterTimer	40	static,ignoring_inline_asm
../Core/SEGGER/SEGGER_SYSVIEW.c:2093:6:SEGGER_SYSVIEW_RecordExitTimer	16	static,ignoring_inline_asm
../Core/SEGGER/SEGGER_SYSVIEW.c:2111:6:SEGGER_SYSVIEW_RecordEndCall	40	static,ignoring_inline_asm
../Core/SEGGER/SEGGER_SYSVIEW.c:2133:6:SEGGER_SYSVIEW_RecordEndCallU32	48	static,ignoring_inline_asm
../Core/SEGGER/SEGGER_SYSVIEW.c:2152:6:SEGGER_SYSVIEW_OnIdle	16	static,ignoring_inline_asm
../Core/SEGGER/SEGGER_SYSVIEW.c:2171:6:SEGGER_SYSVIEW_OnTaskCreate	40	static,ignoring_inline_asm
../Core/SEGGER/SEGGER_SYSVIEW.c:2196:6:SEGGER_SYSVIEW_OnTaskTerminate	40	static,ignoring_inline_asm
../Core/SEGGER/SEGGER_SYSVIEW.c:2220:6:SEGGER_SYSVIEW_OnTaskStartExec	40	static,ignoring_inline_asm
../Core/SEGGER/SEGGER_SYSVIEW.c:2240:6:SEGGER_SYSVIEW_OnTaskStopExec	16	static,ignoring_inline_asm
../Core/SEGGER/SEGGER_SYSVIEW.c:2258:6:SEGGER_SYSVIEW_OnTaskStartReady	40	static,ignoring_inline_asm
../Core/SEGGER/SEGGER_SYSVIEW.c:2281:6:SEGGER_SYSVIEW_OnTaskStopReady	48	static,ignoring_inline_asm
../Core/SEGGER/SEGGER_SYSVIEW.c:2304:6:SEGGER_SYSVIEW_MarkStart	40	static,ignoring_inline_asm
../Core/SEGGER/SEGGER_SYSVIEW.c:2325:6:SEGGER_SYSVIEW_MarkStop	40	static,ignoring_inline_asm
../Core/SEGGER/SEGGER_SYSVIEW.c:2346:6:SEGGER_SYSVIEW_Mark	48	static,ignoring_inline_asm
../Core/SEGGER/SEGGER_SYSVIEW.c:2373:6:SEGGER_SYSVIEW_NameMarker	48	static,ignoring_inline_asm
../Core/SEGGER/SEGGER_SYSVIEW.c:2401:6:SEGGER_SYSVIEW_NameResource	40	static,ignoring_inline_asm
../Core/SEGGER/SEGGER_SYSVIEW.c:2430:5:SEGGER_SYSVIEW_SendPacket	32	static,ignoring_inline_asm
../Core/SEGGER/SEGGER_SYSVIEW.c:2457:5:SEGGER_SYSVIEW_EncodeU32	24	static
../Core/SEGGER/SEGGER_SYSVIEW.c:2484:5:SEGGER_SYSVIEW_EncodeString	24	static
../Core/SEGGER/SEGGER_SYSVIEW.c:2510:5:SEGGER_SYSVIEW_EncodeData	24	static
../Core/SEGGER/SEGGER_SYSVIEW.c:2538:5:SEGGER_SYSVIEW_EncodeId	24	static
../Core/SEGGER/SEGGER_SYSVIEW.c:2566:5:SEGGER_SYSVIEW_ShrinkId	16	static
../Core/SEGGER/SEGGER_SYSVIEW.c:2588:6:SEGGER_SYSVIEW_RegisterModule	24	static,ignoring_inline_asm
../Core/SEGGER/SEGGER_SYSVIEW.c:2629:6:SEGGER_SYSVIEW_RecordModuleDescription	56	static,ignoring_inline_asm
../Core/SEGGER/SEGGER_SYSVIEW.c:2670:6:SEGGER_SYSVIEW_SendModule	56	static,ignoring_inline_asm
../Core/SEGGER/SEGGER_SYSVIEW.c:2709:6:SEGGER_SYSVIEW_SendModuleDescription	16	static
../Core/SEGGER/SEGGER_SYSVIEW.c:2730:6:SEGGER_SYSVIEW_SendNumModules	32	static,ignoring_inline_asm
../Core/SEGGER/SEGGER_SYSVIEW.c:2757:6:SEGGER_SYSVIEW_PrintfHostEx	28	static
../Core/SEGGER/SEGGER_SYSVIEW.c:2791:6:SEGGER_SYSVIEW_PrintfHost	16	static
../Core/SEGGER/SEGGER_SYSVIEW.c:2826:6:SEGGER_SYSVIEW_WarnfHost	16	static
../Core/SEGGER/SEGGER_SYSVIEW.c:2861:6:SEGGER_SYSVIEW_ErrorfHost	16	static
../Core/SEGGER/SEGGER_SYSVIEW.c:2894:6:SEGGER_SYSVIEW_PrintfTargetEx	28	static
../Core/SEGGER/SEGGER_SYSVIEW.c:2913:6:SEGGER_SYSVIEW_PrintfTarget	16	static
../Core/SEGGER/SEGGER_SYSVIEW.c:2932:6:SEGGER_SYSVIEW_WarnfTarget	16	static
../Core/SEGGER/SEGGER_SYSVIEW.c:2951:6:SEGGER_SYSVIEW_ErrorfTarget	16	static
../Core/SEGGER/SEGGER_SYSVIEW.c:2970:6:SEGGER_SYSVIEW_Print	48	static,ignoring_inline_asm
../Core/SEGGER/SEGGER_SYSVIEW.c:2992:6:SEGGER_SYSVIEW_Warn	48	static,ignoring_inline_asm
../Core/SEGGER/SEGGER_SYSVIEW.c:3014:6:SEGGER_SYSVIEW_Error	48	static,ignoring_inline_asm
../Core/SEGGER/SEGGER_SYSVIEW.c:3036:6:SEGGER_SYSVIEW_EnableEvents	16	static
../Core/SEGGER/SEGGER_SYSVIEW.c:3050:6:SEGGER_SYSVIEW_DisableEvents	16	static
../Core/SEGGER/SEGGER_SYSVIEW.c:3065:5:SEGGER_SYSVIEW_IsStarted	8	static
