Archive member included to satisfy reference by file (symbol)

c:/st/stm32cubeide_1.10.1/stm32cubeide/plugins/com.st.stm32cube.ide.mcu.externaltools.gnu-tools-for-stm32.10.3-2021.10.win32_1.0.100.202210260954/tools/bin/../lib/gcc/arm-none-eabi/10.3.1/../../../../arm-none-eabi/lib/thumb/v7-m/nofp\libc_nano.a(lib_a-errno.o)
                              ./Core/Src/syscalls.o (__errno)
c:/st/stm32cubeide_1.10.1/stm32cubeide/plugins/com.st.stm32cube.ide.mcu.externaltools.gnu-tools-for-stm32.10.3-2021.10.win32_1.0.100.202210260954/tools/bin/../lib/gcc/arm-none-eabi/10.3.1/../../../../arm-none-eabi/lib/thumb/v7-m/nofp\libc_nano.a(lib_a-exit.o)
                              c:/st/stm32cubeide_1.10.1/stm32cubeide/plugins/com.st.stm32cube.ide.mcu.externaltools.gnu-tools-for-stm32.10.3-2021.10.win32_1.0.100.202210260954/tools/bin/../lib/gcc/arm-none-eabi/10.3.1/../../../../arm-none-eabi/lib/thumb/v7-m/nofp/crt0.o (exit)
c:/st/stm32cubeide_1.10.1/stm32cubeide/plugins/com.st.stm32cube.ide.mcu.externaltools.gnu-tools-for-stm32.10.3-2021.10.win32_1.0.100.202210260954/tools/bin/../lib/gcc/arm-none-eabi/10.3.1/../../../../arm-none-eabi/lib/thumb/v7-m/nofp\libc_nano.a(lib_a-impure.o)
                              c:/st/stm32cubeide_1.10.1/stm32cubeide/plugins/com.st.stm32cube.ide.mcu.externaltools.gnu-tools-for-stm32.10.3-2021.10.win32_1.0.100.202210260954/tools/bin/../lib/gcc/arm-none-eabi/10.3.1/../../../../arm-none-eabi/lib/thumb/v7-m/nofp\libc_nano.a(lib_a-exit.o) (_global_impure_ptr)
c:/st/stm32cubeide_1.10.1/stm32cubeide/plugins/com.st.stm32cube.ide.mcu.externaltools.gnu-tools-for-stm32.10.3-2021.10.win32_1.0.100.202210260954/tools/bin/../lib/gcc/arm-none-eabi/10.3.1/../../../../arm-none-eabi/lib/thumb/v7-m/nofp\libc_nano.a(lib_a-init.o)
                              c:/st/stm32cubeide_1.10.1/stm32cubeide/plugins/com.st.stm32cube.ide.mcu.externaltools.gnu-tools-for-stm32.10.3-2021.10.win32_1.0.100.202210260954/tools/bin/../lib/gcc/arm-none-eabi/10.3.1/../../../../arm-none-eabi/lib/thumb/v7-m/nofp/crt0.o (__libc_init_array)
c:/st/stm32cubeide_1.10.1/stm32cubeide/plugins/com.st.stm32cube.ide.mcu.externaltools.gnu-tools-for-stm32.10.3-2021.10.win32_1.0.100.202210260954/tools/bin/../lib/gcc/arm-none-eabi/10.3.1/../../../../arm-none-eabi/lib/thumb/v7-m/nofp\libc_nano.a(lib_a-malloc.o)
                              ./Core/Src/BOOTLOADER.o (malloc)
c:/st/stm32cubeide_1.10.1/stm32cubeide/plugins/com.st.stm32cube.ide.mcu.externaltools.gnu-tools-for-stm32.10.3-2021.10.win32_1.0.100.202210260954/tools/bin/../lib/gcc/arm-none-eabi/10.3.1/../../../../arm-none-eabi/lib/thumb/v7-m/nofp\libc_nano.a(lib_a-memcmp.o)
                              ./Core/Src/bspatch.o (memcmp)
c:/st/stm32cubeide_1.10.1/stm32cubeide/plugins/com.st.stm32cube.ide.mcu.externaltools.gnu-tools-for-stm32.10.3-2021.10.win32_1.0.100.202210260954/tools/bin/../lib/gcc/arm-none-eabi/10.3.1/../../../../arm-none-eabi/lib/thumb/v7-m/nofp\libc_nano.a(lib_a-memcpy-stub.o)
                              ./Core/Src/bspatch.o (memcpy)
c:/st/stm32cubeide_1.10.1/stm32cubeide/plugins/com.st.stm32cube.ide.mcu.externaltools.gnu-tools-for-stm32.10.3-2021.10.win32_1.0.100.202210260954/tools/bin/../lib/gcc/arm-none-eabi/10.3.1/../../../../arm-none-eabi/lib/thumb/v7-m/nofp\libc_nano.a(lib_a-memmove.o)
                              ./Core/Src/fastlz.o (memmove)
c:/st/stm32cubeide_1.10.1/stm32cubeide/plugins/com.st.stm32cube.ide.mcu.externaltools.gnu-tools-for-stm32.10.3-2021.10.win32_1.0.100.202210260954/tools/bin/../lib/gcc/arm-none-eabi/10.3.1/../../../../arm-none-eabi/lib/thumb/v7-m/nofp\libc_nano.a(lib_a-memset.o)
                              c:/st/stm32cubeide_1.10.1/stm32cubeide/plugins/com.st.stm32cube.ide.mcu.externaltools.gnu-tools-for-stm32.10.3-2021.10.win32_1.0.100.202210260954/tools/bin/../lib/gcc/arm-none-eabi/10.3.1/../../../../arm-none-eabi/lib/thumb/v7-m/nofp/crt0.o (memset)
c:/st/stm32cubeide_1.10.1/stm32cubeide/plugins/com.st.stm32cube.ide.mcu.externaltools.gnu-tools-for-stm32.10.3-2021.10.win32_1.0.100.202210260954/tools/bin/../lib/gcc/arm-none-eabi/10.3.1/../../../../arm-none-eabi/lib/thumb/v7-m/nofp\libc_nano.a(lib_a-nano-freer.o)
                              c:/st/stm32cubeide_1.10.1/stm32cubeide/plugins/com.st.stm32cube.ide.mcu.externaltools.gnu-tools-for-stm32.10.3-2021.10.win32_1.0.100.202210260954/tools/bin/../lib/gcc/arm-none-eabi/10.3.1/../../../../arm-none-eabi/lib/thumb/v7-m/nofp\libc_nano.a(lib_a-malloc.o) (_free_r)
c:/st/stm32cubeide_1.10.1/stm32cubeide/plugins/com.st.stm32cube.ide.mcu.externaltools.gnu-tools-for-stm32.10.3-2021.10.win32_1.0.100.202210260954/tools/bin/../lib/gcc/arm-none-eabi/10.3.1/../../../../arm-none-eabi/lib/thumb/v7-m/nofp\libc_nano.a(lib_a-nano-mallocr.o)
[...]
Memory Configuration

Name             Origin             Length             Attributes
RAM              0x0000000020000000 0x0000000000005000 xrw
FLASH            0x0000000008000000 0x0000000000020000 xr
*default*        0x0000000000000000 0xffffffffffffffff

Linker script and memory map

LOAD c:/st/stm32cubeide_1.10.1/stm32cubeide/plugins/com.st.stm32cube.ide.mcu.externaltools.gnu-tools-for-stm32.10.3-2021.10.win32_1.0.100.202210260954/tools/bin/../lib/gcc/arm-none-eabi/10.3.1/thumb/v7-m/nofp/crti.o
LOAD c:/st/stm32cubeide_1.10.1/stm32cubeide/plugins/com.st.stm32cube.ide.mcu.externaltools.gnu-tools-for-stm32.10.3-2021.10.win32_1.0.100.202210260954/tools/bin/../lib/gcc/arm-none-eabi/10.3.1/thumb/v7-m/nofp/crtbegin.o
LOAD c:/st/stm32cubeide_1.10.1/stm32cubeide/plugins/com.st.stm32cube.ide.mcu.externaltools.gnu-tools-for-stm32.10.3-2021.10.win32_1.0.100.202210260954/tools/bin/../lib/gcc/arm-none-eabi/10.3.1/../../../../arm-none-eabi/lib/thumb/v7-m/nofp/crt0.o
LOAD ./Core/Src/AFIO.o
LOAD ./Core/Src/BOOTLOADER.o
LOAD ./Core/Src/CAN.o
LOAD ./Core/Src/CRC.o
LOAD ./Core/Src/DMA.o
LOAD ./Core/Src/FLASH.o
LOAD ./Core/Src/GPIO.o
LOAD ./Core/Src/NVIC.o
LOAD ./Core/Src/RCC.o
LOAD ./Core/Src/SCB.o
LOAD ./Core/Src/SysTick.o
LOAD ./Core/Src/UART.o
LOAD ./Core/Src/bspatch.o
LOAD ./Core/Src/cmox_low_level_template.o
LOAD ./Core/Src/fastlz.o
LOAD ./Core/Src/lz.o
LOAD ./Core/Src/main.o
LOAD ./Core/Src/stm32f1xx_it.o
LOAD ./Core/Src/syscalls.o
LOAD ./Core/Startup/startup_stm32f103c8tx.o
START GROUP
LOAD c:/st/stm32cubeide_1.10.1/stm32cubeide/plugins/com.st.stm32cube.ide.mcu.externaltools.gnu-tools-for-stm32.10.3-2021.10.win32_1.0.100.202210260954/tools/bin/../lib/gcc/arm-none-eabi/10.3.1/../../../../arm-none-eabi/lib/thumb/v7-m/nofp\libc_nano.a
LOAD c:/st/stm32cubeide_1.10.1/stm32cubeide/plugins/com.st.stm32cube.ide.mcu.externaltools.gnu-tools-for-stm32.10.3-2021.10.win32_1.0.100.202210260954/tools/bin/../lib/gcc/arm-none-eabi/10.3.1/../../../../arm-none-eabi/lib/thumb/v7-m/nofp\libm.a
END GROUP
START GROUP
LOAD c:/st/stm32cubeide_1.10.1/stm32cubeide/plugins/com.st.stm32cube.ide.mcu.externaltools.gnu-tools-for-stm32.10.3-2021.10.win32_1.0.100.202210260954/tools/bin/../lib/gcc/arm-none-eabi/10.3.1/thumb/v7-m/nofp\libgcc.a
LOAD c:/st/stm32cubeide_1.10.1/stm32cubeide/plugins/com.st.stm32cube.ide.mcu.externaltools.gnu-tools-for-stm32.10.3-2021.10.win32_1.0.100.202210260954/tools/bin/../lib/gcc/arm-none-eabi/10.3.1/../../../../arm-none-eabi/lib/thumb/v7-m/nofp\libc_nano.a
END GROUP
START GROUP
LOAD c:/st/stm32cubeide_1.10.1/stm32cubeide/plugins/com.st.stm32cube.ide.mcu.externaltools.gnu-tools-for-stm32.10.3-2021.10.win32_1.0.100.202210260954/tools/bin/../lib/gcc/arm-none-eabi/10.3.1/thumb/v7-m/nofp\libgcc.a
LOAD c:/st/stm32cubeide_1.10.1/stm32cubeide/plugins/com.st.stm32cube.ide.mcu.externaltools.gnu-tools-for-stm32.10.3-2021.10.win32_1.0.100.202210260954/tools/bin/../lib/gcc/arm-none-eabi/10.3.1/../../../../arm-none-eabi/lib/thumb/v7-m/nofp\libc_nano.a
LOAD c:/st/stm32cubeide_1.10.1/stm32cubeide/plugins/com.st.stm32cube.ide.mcu.externaltools.gnu-tools-for-stm32.10.3-2021.10.win32_1.0.100.202210260954/tools/bin/../lib/gcc/arm-none-eabi/10.3.1/../../../../arm-none-eabi/lib/thumb/v7-m/nofp\libnosys.a
END GROUP
START GROUP
LOAD c:/st/stm32cubeide_1.10.1/stm32cubeide/plugins/com.st.stm32cube.ide.mcu.externaltools.gnu-tools-for-stm32.10.3-2021.10.win32_1.0.100.202210260954/tools/bin/../lib/gcc/arm-none-eabi/10.3.1/thumb/v7-m/nofp\libgcc.a
LOAD c:/st/stm32cubeide_1.10.1/stm32cubeide/plugins/com.st.stm32cube.ide.mcu.externaltools.gnu-tools-for-stm32.10.3-2021.10.win32_1.0.100.202210260954/tools/bin/../lib/gcc/arm-none-eabi/10.3.1/../../../../arm-none-eabi/lib/thumb/v7-m/nofp\libc_nano.a
LOAD c:/st/stm32cubeide_1.10.1/stm32cubeide/plugins/com.st.stm32cube.ide.mcu.externaltools.gnu-tools-for-stm32.10.3-2021.10.win32_1.0.100.202210260954/tools/bin/../lib/gcc/arm-none-eabi/10.3.1/../../../../arm-none-eabi/lib/thumb/v7-m/nofp\libnosys.a
END GROUP
LOAD c:/st/stm32cubeide_1.10.1/stm32cubeide/plugins/com.st.stm32cube.ide.mcu.externaltools.gnu-tools-for-stm32.10.3-2021.10.win32_1.0.100.202210260954/tools/bin/../lib/gcc/arm-none-eabi/10.3.1/thumb/v7-m/nofp/crtend.o
LOAD c:/st/stm32cubeide_1.10.1/stm32cubeide/plugins/com.st.stm32cube.ide.mcu.externaltools.gnu-tools-for-stm32.10.3-2021.10.win32_1.0.100.202210260954/tools/bin/../lib/gcc/arm-none-eabi/10.3.1/thumb/v7-m/nofp/crtn.o
                0x0000000020005000                _estack = (ORIGIN (RAM) + LENGTH (RAM))
                0x0000000000000200                _Min_Heap_Size = 0x200
                0x0000000000004800                _Min_Stack_Size = 0x4800

.isr_vector     0x0000000008000000      0x10c
                0x0000000008000000                . = ALIGN (0x4)
 *(.isr_vector)
 .isr_vector    0x0000000008000000      0x10c ./Core/Startup/startup_stm32f103c8tx.o
                0x0000000008000000                g_pfnVectors
                0x000000000800010c                . = ALIGN (0x4)

.text           0x000000000800010c     0x19bc
                0x000000000800010c                . = ALIGN (0x4)
 *(.text)
 .text          0x000000000800010c       0x40 c:/st/stm32cubeide_1.10.1/stm32cubeide/plugins/com.st.stm32cube.ide.mcu.externaltools.gnu-tools-for-stm32.10.3-2021.10.win32_1.0.100.202210260954/tools/bin/../lib/gcc/arm-none-eabi/10.3.1/thumb/v7-m/nofp/crtbegin.o
 *(.text*)
 .text.AFIO_INIT
                0x000000000800014c       0x28 ./Core/Src/AFIO.o
                0x000000000800014c                AFIO_INIT
 .text.BootLoader
                0x0000000008000174       0x3c ./Core/Src/BOOTLOADER.o
                0x0000000008000174                BootLoader
 .text.ReceiveAndFlashUpdate
                0x00000000080001b0      0x32c ./Core/Src/BOOTLOADER.o
 .text.Program_Software
                0x00000000080004dc       0x9c ./Core/Src/BOOTLOADER.o
                0x00000000080004dc                Program_Software
 .text.Set_MSP  0x0000000008000578       0x18 ./Core/Src/BOOTLOADER.o
 .text.JumpToApplication
                0x0000000008000590       0x34 ./Core/Src/BOOTLOADER.o
 .text.System_DeInit
                0x00000000080005c4       0x70 ./Core/Src/BOOTLOADER.o
 .text.USB_LP_CAN1_RX0_IRQHandler
                0x0000000008000634       0x28 ./Core/Src/BOOTLOADER.o
                0x0000000008000634                USB_LP_CAN1_RX0_IRQHandler
 .text.CAN_Setup
                0x000000000800065c      0x110 ./Core/Src/CAN.o
                0x000000000800065c                CAN_Setup
 .text.CAN_Normal
                0x000000000800076c       0x2e ./Core/Src/CAN.o
                0x000000000800076c                CAN_Normal
 .text.CAN_Transmit
                0x000000000800079a      0x1b0 ./Core/Src/CAN.o
                0x000000000800079a                CAN_Transmit
 .text.CAN_Receive
                0x000000000800094a      0x12e ./Core/Src/CAN.o
                0x000000000800094a                CAN_Receive
 .text.CAN_Interrupt_Enable
                0x0000000008000a78       0x40 ./Core/Src/CAN.o
                0x0000000008000a78                CAN_Interrupt_Enable
 .text.CAN_ConfigFilter
                0x0000000008000ab8       0xfc ./Core/Src/CAN.o
                0x0000000008000ab8                CAN_ConfigFilter
 .text.FLASH_Unlock
                0x0000000008000bb4       0x24 ./Core/Src/FLASH.o
                0x0000000008000bb4                FLASH_Unlock
 .text.FLASH_Lock
                0x0000000008000bd8       0x1c ./Core/Src/FLASH.o
                0x0000000008000bd8                FLASH_Lock
 .text.FLASH_Erase
                0x0000000008000bf4       0x68 ./Core/Src/FLASH.o
                0x0000000008000bf4                FLASH_Erase
 .text.FLASH_MassErase
                0x0000000008000c5c       0x48 ./Core/Src/FLASH.o
 .text.FLASH_PageErase
                0x0000000008000ca4       0x54 ./Core/Src/FLASH.o
 .text.FLASH_Program
                0x0000000008000cf8       0xb4 ./Core/Src/FLASH.o
                0x0000000008000cf8                FLASH_Program
 .text.FLASH_Program_HalfWord
                0x0000000008000dac       0x2c ./Core/Src/FLASH.o
 .text.GPIO_Config_Pin
                0x0000000008000dd8       0x82 ./Core/Src/GPIO.o
                0x0000000008000dd8                GPIO_Config_Pin
 .text.Enable_irq
                0x0000000008000e5a        0xe ./Core/Src/NVIC.o
                0x0000000008000e5a                Enable_irq
 .text.Disable_irq
                0x0000000008000e68        0xe ./Core/Src/NVIC.o
                0x0000000008000e68                Disable_irq
 *fill*         0x0000000008000e76        0x2 
 .text.NVIC_EnableIRQ
                0x0000000008000e78       0x34 ./Core/Src/NVIC.o
                0x0000000008000e78                NVIC_EnableIRQ
 .text.NVIC_ClearPendingIRQ
                0x0000000008000eac       0x34 ./Core/Src/NVIC.o
                0x0000000008000eac                NVIC_ClearPendingIRQ
 .text.RCC_Config
                0x0000000008000ee0       0xf0 ./Core/Src/RCC.o
                0x0000000008000ee0                RCC_Config
 .text.RCC_EnablePeripheral
                0x0000000008000fd0       0x84 ./Core/Src/RCC.o
                0x0000000008000fd0                RCC_EnablePeripheral
 .text.RCC_DisablePeripheral
                0x0000000008001054       0x88 ./Core/Src/RCC.o
                0x0000000008001054                RCC_DisablePeripheral
 .text.offtin   0x00000000080010dc       0xbc ./Core/Src/bspatch.o
 .text.bspatch_valid_header
                0x0000000008001198       0x70 ./Core/Src/bspatch.o
                0x0000000008001198                bspatch_valid_header
 .text.bspatch_newsize
                0x0000000008001208       0x38 ./Core/Src/bspatch.o
                0x0000000008001208                bspatch_newsize
 .text.bspatch  0x0000000008001240      0x1c2 ./Core/Src/bspatch.o
                0x0000000008001240                bspatch
 .text._LZ_ReadVarSize
                0x0000000008001402       0x4c ./Core/Src/lz.o
 .text.LZ_Uncompress
                0x000000000800144e       0xe6 ./Core/Src/lz.o
                0x000000000800144e                LZ_Uncompress
 .text.main     0x0000000008001534       0x98 ./Core/Src/main.o
                0x0000000008001534                main
 .text.NMI_Handler
                0x00000000080015cc        0x6 ./Core/Src/stm32f1xx_it.o
                0x00000000080015cc                NMI_Handler
 .text.HardFault_Handler
                0x00000000080015d2       0x1c ./Core/Src/stm32f1xx_it.o
                0x00000000080015d2                HardFault_Handler
 .text.MemManage_Handler
                0x00000000080015ee       0x1c ./Core/Src/stm32f1xx_it.o
                0x00000000080015ee                MemManage_Handler
 .text.BusFault_Handler
                0x000000000800160a        0x6 ./Core/Src/stm32f1xx_it.o
                0x000000000800160a                BusFault_Handler
 .text.UsageFault_Handler
                0x0000000008001610        0x6 ./Core/Src/stm32f1xx_it.o
                0x0000000008001610                UsageFault_Handler
 .text.SVC_Handler
                0x0000000008001616        0xc ./Core/Src/stm32f1xx_it.o
                0x0000000008001616                SVC_Handler
 .text.DebugMon_Handler
                0x0000000008001622        0xc ./Core/Src/stm32f1xx_it.o
                0x0000000008001622                DebugMon_Handler
 .text.PendSV_Handler
                0x000000000800162e        0xc ./Core/Src/stm32f1xx_it.o
                0x000000000800162e                PendSV_Handler
 *fill*         0x000000000800163a        0x2 
 .text.SysTick_Handler
                0x000000000800163c       0x1c ./Core/Src/stm32f1xx_it.o
                0x000000000800163c                SysTick_Handler
 .text.EXTI0_IRQHandler
                0x0000000008001658        0xc ./Core/Src/stm32f1xx_it.o
                0x0000000008001658                EXTI0_IRQHandler
 .text.EXTI1_IRQHandler
                0x0000000008001664        0xc ./Core/Src/stm32f1xx_it.o
                0x0000000008001664                EXTI1_IRQHandler
 .text.EXTI2_IRQHandler
                0x0000000008001670        0xc ./Core/Src/stm32f1xx_it.o
                0x0000000008001670                EXTI2_IRQHandler
 .text.EXTI3_IRQHandler
                0x000000000800167c        0xc ./Core/Src/stm32f1xx_it.o
                0x000000000800167c                EXTI3_IRQHandler
 .text.EXTI4_IRQHandler
                0x0000000008001688        0xc ./Core/Src/stm32f1xx_it.o
                0x0000000008001688                EXTI4_IRQHandler
 .text.DMA1_Channel1_IRQHandler
                0x0000000008001694       0x34 ./Core/Src/stm32f1xx_it.o
                0x0000000008001694                DMA1_Channel1_IRQHandler
 .text.DMA1_Channel2_IRQHandler
                0x00000000080016c8       0x34 ./Core/Src/stm32f1xx_it.o
                0x00000000080016c8                DMA1_Channel2_IRQHandler
 .text.DMA1_Channel3_IRQHandler
                0x00000000080016fc       0x34 ./Core/Src/stm32f1xx_it.o
                0x00000000080016fc                DMA1_Channel3_IRQHandler
 .text.DMA1_Channel4_IRQHandler
                0x0000000008001730       0x34 ./Core/Src/stm32f1xx_it.o
                0x0000000008001730                DMA1_Channel4_IRQHandler
 .text.DMA1_Channel5_IRQHandler
                0x0000000008001764       0x34 ./Core/Src/stm32f1xx_it.o
                0x0000000008001764                DMA1_Channel5_IRQHandler
 .text.DMA1_Channel6_IRQHandler
                0x0000000008001798       0x34 ./Core/Src/stm32f1xx_it.o
                0x0000000008001798                DMA1_Channel6_IRQHandler
 .text.DMA1_Channel7_IRQHandler
                0x00000000080017cc       0x34 ./Core/Src/stm32f1xx_it.o
                0x00000000080017cc                DMA1_Channel7_IRQHandler
 .text.Reset_Handler
                0x0000000008001800       0x40 ./Core/Startup/startup_stm32f103c8tx.o
                0x0000000008001800                Reset_Handler
 .text.Default_Handler
                0x0000000008001840        0x2 ./Core/Startup/startup_stm32f103c8tx.o
                0x0000000008001840                RTC_Alarm_IRQHandler
                0x0000000008001840                TIM1_CC_IRQHandler
                0x0000000008001840                PVD_IRQHandler
                0x0000000008001840                I2C2_EV_IRQHandler
                0x0000000008001840                ADC1_2_IRQHandler
                0x0000000008001840                SPI1_IRQHandler
                0x0000000008001840                TAMPER_IRQHandler
                0x0000000008001840                USART3_IRQHandler
                0x0000000008001840                RTC_IRQHandler
                0x0000000008001840                CAN1_RX1_IRQHandler
                0x0000000008001840                TIM4_IRQHandler
                0x0000000008001840                I2C1_EV_IRQHandler
                0x0000000008001840                TIM3_IRQHandler
                0x0000000008001840                RCC_IRQHandler
                0x0000000008001840                TIM1_TRG_COM_IRQHandler
                0x0000000008001840                Default_Handler
                0x0000000008001840                EXTI15_10_IRQHandler
                0x0000000008001840                EXTI9_5_IRQHandler
                0x0000000008001840                SPI2_IRQHandler
                0x0000000008001840                USB_HP_CAN1_TX_IRQHandler
                0x0000000008001840                TIM1_UP_IRQHandler
                0x0000000008001840                WWDG_IRQHandler
                0x0000000008001840                TIM2_IRQHandler
                0x0000000008001840                TIM1_BRK_IRQHandler
                0x0000000008001840                USART2_IRQHandler
                0x0000000008001840                I2C2_ER_IRQHandler
                0x0000000008001840                CAN1_SCE_IRQHandler
                0x0000000008001840                FLASH_IRQHandler
                0x0000000008001840                USART1_IRQHandler
                0x0000000008001840                I2C1_ER_IRQHandler
                0x0000000008001840                USBWakeUp_IRQHandler
 *fill*         0x0000000008001842        0x2 
 .text.malloc   0x0000000008001844       0x10 c:/st/stm32cubeide_1.10.1/stm32cubeide/plugins/com.st.stm32cube.ide.mcu.externaltools.gnu-tools-for-stm32.10.3-2021.10.win32_1.0.100.202210260954/tools/bin/../lib/gcc/arm-none-eabi/10.3.1/../../../../arm-none-eabi/lib/thumb/v7-m/nofp\libc_nano.a(lib_a-malloc.o)
                0x0000000008001844                malloc
 .text.free     0x0000000008001854       0x10 c:/st/stm32cubeide_1.10.1/stm32cubeide/plugins/com.st.stm32cube.ide.mcu.externaltools.gnu-tools-for-stm32.10.3-2021.10.win32_1.0.100.202210260954/tools/bin/../lib/gcc/arm-none-eabi/10.3.1/../../../../arm-none-eabi/lib/thumb/v7-m/nofp\libc_nano.a(lib_a-malloc.o)
                0x0000000008001854                free
 .text.memcmp   0x0000000008001864       0x20 c:/st/stm32cubeide_1.10.1/stm32cubeide/plugins/com.st.stm32cube.ide.mcu.externaltools.gnu-tools-for-stm32.10.3-2021.10.win32_1.0.100.202210260954/tools/bin/../lib/gcc/arm-none-eabi/10.3.1/../../../../arm-none-eabi/lib/thumb/v7-m/nofp\libc_nano.a(lib_a-memcmp.o)
                0x0000000008001864                memcmp
 .text.memcpy   0x0000000008001884       0x1c c:/st/stm32cubeide_1.10.1/stm32cubeide/plugins/com.st.stm32cube.ide.mcu.externaltools.gnu-tools-for-stm32.10.3-2021.10.win32_1.0.100.202210260954/tools/bin/../lib/gcc/arm-none-eabi/10.3.1/../../../../arm-none-eabi/lib/thumb/v7-m/nofp\libc_nano.a(lib_a-memcpy-stub.o)
                0x0000000008001884                memcpy
 .text._free_r  0x00000000080018a0       0x90 c:/st/stm32cubeide_1.10.1/stm32cubeide/plugins/com.st.stm32cube.ide.mcu.externaltools.gnu-tools-for-stm32.10.3-2021.10.win32_1.0.100.202210260954/tools/bin/../lib/gcc/arm-none-eabi/10.3.1/../../../../arm-none-eabi/lib/thumb/v7-m/nofp\libc_nano.a(lib_a-nano-freer.o)
                0x00000000080018a0                _free_r
 .text.sbrk_aligned
                0x0000000008001930       0x40 c:/st/stm32cubeide_1.10.1/stm32cubeide/plugins/com.st.stm32cube.ide.mcu.externaltools.gnu-tools-for-stm32.10.3-2021.10.win32_1.0.100.202210260954/tools/bin/../lib/gcc/arm-none-eabi/10.3.1/../../../../arm-none-eabi/lib/thumb/v7-m/nofp\libc_nano.a(lib_a-nano-mallocr.o)
 .text._malloc_r
                0x0000000008001970       0xe8 c:/st/stm32cubeide_1.10.1/stm32cubeide/plugins/com.st.stm32cube.ide.mcu.externaltools.gnu-tools-for-stm32.10.3-2021.10.win32_1.0.100.202210260954/tools/bin/../lib/gcc/arm-none-eabi/10.3.1/../../../../arm-none-eabi/lib/thumb/v7-m/nofp\libc_nano.a(lib_a-nano-mallocr.o)
                0x0000000008001970                _malloc_r
 .text._sbrk_r  0x0000000008001a58       0x20 c:/st/stm32cubeide_1.10.1/stm32cubeide/plugins/com.st.stm32cube.ide.mcu.externaltools.gnu-tools-for-stm32.10.3-2021.10.win32_1.0.100.202210260954/tools/bin/../lib/gcc/arm-none-eabi/10.3.1/../../../../arm-none-eabi/lib/thumb/v7-m/nofp\libc_nano.a(lib_a-sbrkr.o)
                0x0000000008001a58                _sbrk_r
 .text.__malloc_lock
                0x0000000008001a78        0xc c:/st/stm32cubeide_1.10.1/stm32cubeide/plugins/com.st.stm32cube.ide.mcu.externaltools.gnu-tools-for-stm32.10.3-2021.10.win32_1.0.100.202210260954/tools/bin/../lib/gcc/arm-none-eabi/10.3.1/../../../../arm-none-eabi/lib/thumb/v7-m/nofp\libc_nano.a(lib_a-mlock.o)
                0x0000000008001a78                __malloc_lock
 .text.__malloc_unlock
                0x0000000008001a84        0xc c:/st/stm32cubeide_1.10.1/stm32cubeide/plugins/com.st.stm32cube.ide.mcu.externaltools.gnu-tools-for-stm32.10.3-2021.10.win32_1.0.100.202210260954/tools/bin/../lib/gcc/arm-none-eabi/10.3.1/../../../../arm-none-eabi/lib/thumb/v7-m/nofp\libc_nano.a(lib_a-mlock.o)
                0x0000000008001a84                __malloc_unlock
 .text.__retarget_lock_acquire_recursive
                0x0000000008001a90        0x2 c:/st/stm32cubeide_1.10.1/stm32cubeide/plugins/com.st.stm32cube.ide.mcu.externaltools.gnu-tools-for-stm32.10.3-2021.10.win32_1.0.100.202210260954/tools/bin/../lib/gcc/arm-none-eabi/10.3.1/../../../../arm-none-eabi/lib/thumb/v7-m/nofp\libc_nano.a(lib_a-lock.o)
                0x0000000008001a90                __retarget_lock_acquire_recursive
 .text.__retarget_lock_release_recursive
                0x0000000008001a92        0x2 c:/st/stm32cubeide_1.10.1/stm32cubeide/plugins/com.st.stm32cube.ide.mcu.externaltools.gnu-tools-for-stm32.10.3-2021.10.win32_1.0.100.202210260954/tools/bin/../lib/gcc/arm-none-eabi/10.3.1/../../../../arm-none-eabi/lib/thumb/v7-m/nofp\libc_nano.a(lib_a-lock.o)
                0x0000000008001a92                __retarget_lock_release_recursive
 .text._sbrk    0x0000000008001a94       0x1c c:/st/stm32cubeide_1.10.1/stm32cubeide/plugins/com.st.stm32cube.ide.mcu.externaltools.gnu-tools-for-stm32.10.3-2021.10.win32_1.0.100.202210260954/tools/bin/../lib/gcc/arm-none-eabi/10.3.1/../../../../arm-none-eabi/lib/thumb/v7-m/nofp\libnosys.a(sbrk.o)
                0x0000000008001a94                _sbrk
 *(.glue_7)
 .glue_7        0x0000000008001ab0        0x0 linker stubs
 *(.glue_7t)
 .glue_7t       0x0000000008001ab0        0x0 linker stubs
 *(.eh_frame)
 .eh_frame      0x0000000008001ab0        0x0 c:/st/stm32cubeide_1.10.1/stm32cubeide/plugins/com.st.stm32cube.ide.mcu.externaltools.gnu-tools-for-stm32.10.3-2021.10.win32_1.0.100.202210260954/tools/bin/../lib/gcc/arm-none-eabi/10.3.1/thumb/v7-m/nofp/crtbegin.o
 *(.init)
 .init          0x0000000008001ab0        0x4 c:/st/stm32cubeide_1.10.1/stm32cubeide/plugins/com.st.stm32cube.ide.mcu.externaltools.gnu-tools-for-stm32.10.3-2021.10.win32_1.0.100.202210260954/tools/bin/../lib/gcc/arm-none-eabi/10.3.1/thumb/v7-m/nofp/crti.o
                0x0000000008001ab0                _init
 .init          0x0000000008001ab4        0x8 c:/st/stm32cubeide_1.10.1/stm32cubeide/plugins/com.st.stm32cube.ide.mcu.externaltools.gnu-tools-for-stm32.10.3-2021.10.win32_1.0.100.202210260954/tools/bin/../lib/gcc/arm-none-eabi/10.3.1/thumb/v7-m/nofp/crtn.o
 *(.fini)
 .fini          0x0000000008001abc        0x4 c:/st/stm32cubeide_1.10.1/stm32cubeide/plugins/com.st.stm32cube.ide.mcu.externaltools.gnu-tools-for-stm32.10.3-2021.10.win32_1.0.100.202210260954/tools/bin/../lib/gcc/arm-none-eabi/10.3.1/thumb/v7-m/nofp/crti.o
                0x0000000008001abc                _fini
 .fini          0x0000000008001ac0        0x8 c:/st/stm32cubeide_1.10.1/stm32cubeide/plugins/com.st.stm32cube.ide.mcu.externaltools.gnu-tools-for-stm32.10.3-2021.10.win32_1.0.100.202210260954/tools/bin/../lib/gcc/arm-none-eabi/10.3.1/thumb/v7-m/nofp/crtn.o
                0x0000000008001ac8                . = ALIGN (0x4)
                0x0000000008001ac8                _etext = .

.vfp11_veneer   0x0000000008001ac8        0x0
 .vfp11_veneer  0x0000000008001ac8        0x0 linker stubs

.v4_bx          0x0000000008001ac8        0x0
 .v4_bx         0x0000000008001ac8        0x0 linker stubs

.iplt           0x0000000008001ac8        0x0
 .iplt          0x0000000008001ac8        0x0 c:/st/stm32cubeide_1.10.1/stm32cubeide/plugins/com.st.stm32cube.ide.mcu.externaltools.gnu-tools-for-stm32.10.3-2021.10.win32_1.0.100.202210260954/tools/bin/../lib/gcc/arm-none-eabi/10.3.1/thumb/v7-m/nofp/crtbegin.o

.rodata         0x0000000008001ac8        0xc
                0x0000000008001ac8                . = ALIGN (0x4)
 *(.rodata)
 .rodata        0x0000000008001ac8        0x9 ./Core/Src/bspatch.o
 *(.rodata*)
                0x0000000008001ad4                . = ALIGN (0x4)
 *fill*         0x0000000008001ad1        0x3 

.rel.dyn        0x0000000008001ad4        0x0
 .rel.iplt      0x0000000008001ad4        0x0 c:/st/stm32cubeide_1.10.1/stm32cubeide/plugins/com.st.stm32cube.ide.mcu.externaltools.gnu-tools-for-stm32.10.3-2021.10.win32_1.0.100.202210260954/tools/bin/../lib/gcc/arm-none-eabi/10.3.1/thumb/v7-m/nofp/crtbegin.o

.ARM.extab      0x0000000008001ad4        0x0
                0x0000000008001ad4                . = ALIGN (0x4)
 *(.ARM.extab* .gnu.linkonce.armextab.*)
                0x0000000008001ad4                . = ALIGN (0x4)

.ARM            0x0000000008001ad4        0x0
                0x0000000008001ad4                . = ALIGN (0x4)
                0x0000000008001ad4                __exidx_start = .
 *(.ARM.exidx*)
                0x0000000008001ad4                __exidx_end = .
                0x0000000008001ad4                . = ALIGN (0x4)

.preinit_array  0x0000000008001ad4        0x0
                0x0000000008001ad4                . = ALIGN (0x4)
                0x0000000008001ad4                PROVIDE (__preinit_array_start = .)
 *(.preinit_array*)
                0x0000000008001ad4                PROVIDE (__preinit_array_end = .)
                0x0000000008001ad4                . = ALIGN (0x4)

.init_array     0x0000000008001ad4        0x4
                0x0000000008001ad4                . = ALIGN (0x4)
                0x0000000008001ad4                PROVIDE (__init_array_start = .)
 *(SORT_BY_NAME(.init_array.*))
 *(.init_array*)
 .init_array    0x0000000008001ad4        0x4 c:/st/stm32cubeide_1.10.1/stm32cubeide/plugins/com.st.stm32cube.ide.mcu.externaltools.gnu-tools-for-stm32.10.3-2021.10.win32_1.0.100.202210260954/tools/bin/../lib/gcc/arm-none-eabi/10.3.1/thumb/v7-m/nofp/crtbegin.o
                0x0000000008001ad8                PROVIDE (__init_array_end = .)
                0x0000000008001ad8                . = ALIGN (0x4)

.fini_array     0x0000000008001ad8        0x4
                0x0000000008001ad8                . = ALIGN (0x4)
                [!provide]                        PROVIDE (__fini_array_start = .)
 *(SORT_BY_NAME(.fini_array.*))
 *(.fini_array*)
 .fini_array    0x0000000008001ad8        0x4 c:/st/stm32cubeide_1.10.1/stm32cubeide/plugins/com.st.stm32cube.ide.mcu.externaltools.gnu-tools-for-stm32.10.3-2021.10.win32_1.0.100.202210260954/tools/bin/../lib/gcc/arm-none-eabi/10.3.1/thumb/v7-m/nofp/crtbegin.o
                [!provide]                        PROVIDE (__fini_array_end = .)
                0x0000000008001adc                . = ALIGN (0x4)
                0x0000000008001adc                _sidata = LOADADDR (.data)

.data           0x0000000020000000       0x64 load address 0x0000000008001adc
                0x0000000020000000                . = ALIGN (0x4)
                0x0000000020000000                _sdata = .
 *(.data)
 *(.data*)
 .data._impure_ptr
                0x0000000020000000        0x4 c:/st/stm32cubeide_1.10.1/stm32cubeide/plugins/com.st.stm32cube.ide.mcu.externaltools.gnu-tools-for-stm32.10.3-2021.10.win32_1.0.100.202210260954/tools/bin/../lib/gcc/arm-none-eabi/10.3.1/../../../../arm-none-eabi/lib/thumb/v7-m/nofp\libc_nano.a(lib_a-impure.o)
                0x0000000020000000                _impure_ptr
 .data.impure_data
                0x0000000020000004       0x60 c:/st/stm32cubeide_1.10.1/stm32cubeide/plugins/com.st.stm32cube.ide.mcu.externaltools.gnu-tools-for-stm32.10.3-2021.10.win32_1.0.100.202210260954/tools/bin/../lib/gcc/arm-none-eabi/10.3.1/../../../../arm-none-eabi/lib/thumb/v7-m/nofp\libc_nano.a(lib_a-impure.o)
 *(.RamFunc)
 *(.RamFunc*)
                0x0000000020000064                . = ALIGN (0x4)
                0x0000000020000064                _edata = .

.igot.plt       0x0000000020000064        0x0 load address 0x0000000008001b40
 .igot.plt      0x0000000020000064        0x0 c:/st/stm32cubeide_1.10.1/stm32cubeide/plugins/com.st.stm32cube.ide.mcu.externaltools.gnu-tools-for-stm32.10.3-2021.10.win32_1.0.100.202210260954/tools/bin/../lib/gcc/arm-none-eabi/10.3.1/thumb/v7-m/nofp/crtbegin.o
                0x0000000020000064                . = ALIGN (0x4)

.bss            0x0000000020000064       0x74 load address 0x0000000008001b40
                0x0000000020000064                _sbss = .
                0x0000000020000064                __bss_start__ = _sbss
 *(.bss)
 .bss           0x0000000020000064       0x1c c:/st/stm32cubeide_1.10.1/stm32cubeide/plugins/com.st.stm32cube.ide.mcu.externaltools.gnu-tools-for-stm32.10.3-2021.10.win32_1.0.100.202210260954/tools/bin/../lib/gcc/arm-none-eabi/10.3.1/thumb/v7-m/nofp/crtbegin.o
 *(.bss*)
 .bss.CANTX_msg
                0x0000000020000080       0x10 ./Core/Src/BOOTLOADER.o
                0x0000000020000080                CANTX_msg
 .bss.CANRX_msg
                0x0000000020000090       0x10 ./Core/Src/BOOTLOADER.o
                0x0000000020000090                CANRX_msg
 .bss.isFlashed
                0x00000000200000a0        0x1 ./Core/Src/BOOTLOADER.o
                0x00000000200000a0                isFlashed
 *fill*         0x00000000200000a1        0x3 
 .bss.DMA_fptr  0x00000000200000a4       0x1c ./Core/Src/DMA.o
                0x00000000200000a4                DMA_fptr
 .bss.ticks     0x00000000200000c0        0x4 ./Core/Src/SysTick.o
                0x00000000200000c0                ticks
 .bss.__malloc_free_list
                0x00000000200000c4        0x4 c:/st/stm32cubeide_1.10.1/stm32cubeide/plugins/com.st.stm32cube.ide.mcu.externaltools.gnu-tools-for-stm32.10.3-2021.10.win32_1.0.100.202210260954/tools/bin/../lib/gcc/arm-none-eabi/10.3.1/../../../../arm-none-eabi/lib/thumb/v7-m/nofp\libc_nano.a(lib_a-nano-mallocr.o)
                0x00000000200000c4                __malloc_free_list
 .bss.__malloc_sbrk_start
                0x00000000200000c8        0x4 c:/st/stm32cubeide_1.10.1/stm32cubeide/plugins/com.st.stm32cube.ide.mcu.externaltools.gnu-tools-for-stm32.10.3-2021.10.win32_1.0.100.202210260954/tools/bin/../lib/gcc/arm-none-eabi/10.3.1/../../../../arm-none-eabi/lib/thumb/v7-m/nofp\libc_nano.a(lib_a-nano-mallocr.o)
                0x00000000200000c8                __malloc_sbrk_start
 .bss.errno     0x00000000200000cc        0x4 c:/st/stm32cubeide_1.10.1/stm32cubeide/plugins/com.st.stm32cube.ide.mcu.externaltools.gnu-tools-for-stm32.10.3-2021.10.win32_1.0.100.202210260954/tools/bin/../lib/gcc/arm-none-eabi/10.3.1/../../../../arm-none-eabi/lib/thumb/v7-m/nofp\libc_nano.a(lib_a-reent.o)
                0x00000000200000cc                errno
 .bss.__lock___malloc_recursive_mutex
                0x00000000200000d0        0x1 c:/st/stm32cubeide_1.10.1/stm32cubeide/plugins/com.st.stm32cube.ide.mcu.externaltools.gnu-tools-for-stm32.10.3-2021.10.win32_1.0.100.202210260954/tools/bin/../lib/gcc/arm-none-eabi/10.3.1/../../../../arm-none-eabi/lib/thumb/v7-m/nofp\libc_nano.a(lib_a-lock.o)
                0x00000000200000d0                __lock___malloc_recursive_mutex
 *fill*         0x00000000200000d1        0x3 
 .bss.heap_end.0
                0x00000000200000d4        0x4 c:/st/stm32cubeide_1.10.1/stm32cubeide/plugins/com.st.stm32cube.ide.mcu.externaltools.gnu-tools-for-stm32.10.3-2021.10.win32_1.0.100.202210260954/tools/bin/../lib/gcc/arm-none-eabi/10.3.1/../../../../arm-none-eabi/lib/thumb/v7-m/nofp\libnosys.a(sbrk.o)
 *(COMMON)
                0x00000000200000d8                . = ALIGN (0x4)
                0x00000000200000d8                _ebss = .
                0x00000000200000d8                __bss_end__ = _ebss

._user_heap_stack
                0x00000000200000d8     0x4a00 load address 0x0000000008001b40
                0x00000000200000d8                . = ALIGN (0x8)
                0x00000000200000d8                PROVIDE (end = .)
                [!provide]                        PROVIDE (_end = .)
                0x00000000200002d8                . = (. + _Min_Heap_Size)
 *fill*         0x00000000200000d8      0x200 
                0x0000000020004ad8                . = (. + _Min_Stack_Size)
 *fill*         0x00000000200002d8     0x4800 
                0x0000000020004ad8                . = ALIGN (0x8)

/DISCARD/
 libc.a(*)
 libm.a(*)
 libgcc.a(*)

.ARM.attributes
                0x0000000000000000       0x29
 *(.ARM.attributes)
 .ARM.attributes
                0x0000000000000000       0x1d c:/st/stm32cubeide_1.10.1/stm32cubeide/plugins/com.st.stm32cube.ide.mcu.externaltools.gnu-tools-for-stm32.10.3-2021.10.win32_1.0.100.202210260954/tools/bin/../lib/gcc/arm-none-eabi/10.3.1/thumb/v7-m/nofp/crti.o
 .ARM.attributes
                0x000000000000001d       0x2d c:/st/stm32cubeide_1.10.1/stm32cubeide/plugins/com.st.stm32cube.ide.mcu.externaltools.gnu-tools-for-stm32.10.3-2021.10.win32_1.0.100.202210260954/tools/bin/../lib/gcc/arm-none-eabi/10.3.1/thumb/v7-m/nofp/crtbegin.o
 .ARM.attributes
                0x000000000000004a       0x2d ./Core/Src/AFIO.o
 .ARM.attributes
                0x0000000000000077       0x2d ./Core/Src/BOOTLOADER.o
 .ARM.attributes
                0x00000000000000a4       0x2d ./Core/Src/CAN.o
 .ARM.attributes
                0x00000000000000d1       0x2d ./Core/Src/DMA.o
 .ARM.attributes
                0x00000000000000fe       0x2d ./Core/Src/FLASH.o
 .ARM.attributes
                0x000000000000012b       0x2d ./Core/Src/GPIO.o
 .ARM.attributes
                0x0000000000000158       0x2d ./Core/Src/NVIC.o
 .ARM.attributes
                0x0000000000000185       0x2d ./Core/Src/RCC.o
 .ARM.attributes
                0x00000000000001b2       0x2d ./Core/Src/SysTick.o
 .ARM.attributes
                0x00000000000001df       0x2d ./Core/Src/bspatch.o
 .ARM.attributes
                0x000000000000020c       0x2d ./Core/Src/lz.o
 .ARM.attributes
                0x0000000000000239       0x2d ./Core/Src/main.o
 .ARM.attributes
                0x0000000000000266       0x2d ./Core/Src/stm32f1xx_it.o
 .ARM.attributes
                0x0000000000000293       0x21 ./Core/Startup/startup_stm32f103c8tx.o
 .ARM.attributes
                0x00000000000002b4       0x2d c:/st/stm32cubeide_1.10.1/stm32cubeide/plugins/com.st.stm32cube.ide.mcu.externaltools.gnu-tools-for-stm32.10.3-2021.10.win32_1.0.100.202210260954/tools/bin/../lib/gcc/arm-none-eabi/10.3.1/../../../../arm-none-eabi/lib/thumb/v7-m/nofp\libc_nano.a(lib_a-impure.o)
 .ARM.attributes
                0x00000000000002e1       0x2d c:/st/stm32cubeide_1.10.1/stm32cubeide/plugins/com.st.stm32cube.ide.mcu.externaltools.gnu-tools-for-stm32.10.3-2021.10.win32_1.0.100.202210260954/tools/bin/../lib/gcc/arm-none-eabi/10.3.1/../../../../arm-none-eabi/lib/thumb/v7-m/nofp\libc_nano.a(lib_a-malloc.o)
 .ARM.attributes
                0x000000000000030e       0x2d c:/st/stm32cubeide_1.10.1/stm32cubeide/plugins/com.st.stm32cube.ide.mcu.externaltools.gnu-tools-for-stm32.10.3-2021.10.win32_1.0.100.202210260954/tools/bin/../lib/gcc/arm-none-eabi/10.3.1/../../../../arm-none-eabi/lib/thumb/v7-m/nofp\libc_nano.a(lib_a-memcmp.o)
 .ARM.attributes
                0x000000000000033b       0x2d c:/st/stm32cubeide_1.10.1/stm32cubeide/plugins/com.st.stm32cube.ide.mcu.externaltools.gnu-tools-for-stm32.10.3-2021.10.win32_1.0.100.202210260954/tools/bin/../lib/gcc/arm-none-eabi/10.3.1/../../../../arm-none-eabi/lib/thumb/v7-m/nofp\libc_nano.a(lib_a-memcpy-stub.o)
 .ARM.attributes
                0x0000000000000368       0x2d c:/st/stm32cubeide_1.10.1/stm32cubeide/plugins/com.st.stm32cube.ide.mcu.externaltools.gnu-tools-for-stm32.10.3-2021.10.win32_1.0.100.202210260954/tools/bin/../lib/gcc/arm-none-eabi/10.3.1/../../../../arm-none-eabi/lib/thumb/v7-m/nofp\libc_nano.a(lib_a-nano-freer.o)
 .ARM.attributes
                0x0000000000000395       0x2d c:/st/stm32cubeide_1.10.1/stm32cubeide/plugins/com.st.stm32cube.ide.mcu.externaltools.gnu-tools-for-stm32.10.3-2021.10.win32_1.0.100.202210260954/tools/bin/../lib/gcc/arm-none-eabi/10.3.1/../../../../arm-none-eabi/lib/thumb/v7-m/nofp\libc_nano.a(lib_a-nano-mallocr.o)
 .ARM.attributes
                0x00000000000003c2       0x2d c:/st/stm32cubeide_1.10.1/stm32cubeide/plugins/com.st.stm32cube.ide.mcu.externaltools.gnu-tools-for-stm32.10.3-2021.10.win32_1.0.100.202210260954/tools/bin/../lib/gcc/arm-none-eabi/10.3.1/../../../../arm-none-eabi/lib/thumb/v7-m/nofp\libc_nano.a(lib_a-sbrkr.o)
 .ARM.attributes
                0x00000000000003ef       0x2d c:/st/stm32cubeide_1.10.1/stm32cubeide/plugins/com.st.stm32cube.ide.mcu.externaltools.gnu-tools-for-stm32.10.3-2021.10.win32_1.0.100.202210260954/tools/bin/../lib/gcc/arm-none-eabi/10.3.1/../../../../arm-none-eabi/lib/thumb/v7-m/nofp\libc_nano.a(lib_a-mlock.o)
 .ARM.attributes
                0x000000000000041c       0x2d c:/st/stm32cubeide_1.10.1/stm32cubeide/plugins/com.st.stm32cube.ide.mcu.externaltools.gnu-tools-for-stm32.10.3-2021.10.win32_1.0.100.202210260954/tools/bin/../lib/gcc/arm-none-eabi/10.3.1/../../../../arm-none-eabi/lib/thumb/v7-m/nofp\libc_nano.a(lib_a-reent.o)
 .ARM.attributes
                0x0000000000000449       0x2d c:/st/stm32cubeide_1.10.1/stm32cubeide/plugins/com.st.stm32cube.ide.mcu.externaltools.gnu-tools-for-stm32.10.3-2021.10.win32_1.0.100.202210260954/tools/bin/../lib/gcc/arm-none-eabi/10.3.1/../../../../arm-none-eabi/lib/thumb/v7-m/nofp\libc_nano.a(lib_a-lock.o)
 .ARM.attributes
                0x0000000000000476       0x2d c:/st/stm32cubeide_1.10.1/stm32cubeide/plugins/com.st.stm32cube.ide.mcu.externaltools.gnu-tools-for-stm32.10.3-2021.10.win32_1.0.100.202210260954/tools/bin/../lib/gcc/arm-none-eabi/10.3.1/../../../../arm-none-eabi/lib/thumb/v7-m/nofp\libnosys.a(sbrk.o)
 .ARM.attributes
                0x00000000000004a3       0x1d c:/st/stm32cubeide_1.10.1/stm32cubeide/plugins/com.st.stm32cube.ide.mcu.externaltools.gnu-tools-for-stm32.10.3-2021.10.win32_1.0.100.202210260954/tools/bin/../lib/gcc/arm-none-eabi/10.3.1/thumb/v7-m/nofp/crtn.o
OUTPUT(stm32f103c8t6.elf elf32-littlearm)
LOAD linker stubs
LOAD c:/st/stm32cubeide_1.10.1/stm32cubeide/plugins/com.st.stm32cube.ide.mcu.externaltools.gnu-tools-for-stm32.10.3-2021.10.win32_1.0.100.202210260954/tools/bin/../lib/gcc/arm-none-eabi/10.3.1/../../../../arm-none-eabi/lib/thumb/v7-m/nofp\libc.a
LOAD c:/st/stm32cubeide_1.10.1/stm32cubeide/plugins/com.st.stm32cube.ide.mcu.externaltools.gnu-tools-for-stm32.10.3-2021.10.win32_1.0.100.202210260954/tools/bin/../lib/gcc/arm-none-eabi/10.3.1/../../../../arm-none-eabi/lib/thumb/v7-m/nofp\libm.a
LOAD c:/st/stm32cubeide_1.10.1/stm32cubeide/plugins/com.st.stm32cube.ide.mcu.externaltools.gnu-tools-for-stm32.10.3-2021.10.win32_1.0.100.202210260954/tools/bin/../lib/gcc/arm-none-eabi/10.3.1/thumb/v7-m/nofp\libgcc.a

.debug_info     0x0000000000000000     0x33f7
 .debug_info    0x0000000000000000       0xf1 ./Core/Src/AFIO.o
 .debug_info    0x00000000000000f1      0xa0b ./Core/Src/BOOTLOADER.o
 .debug_info    0x0000000000000afc      0x64e ./Core/Src/CAN.o
 .debug_info    0x000000000000114a      0x254 ./Core/Src/DMA.o
 .debug_info    0x000000000000139e      0x29e ./Core/Src/FLASH.o
 .debug_info    0x000000000000163c      0x24c ./Core/Src/GPIO.o
 .debug_info    0x0000000000001888      0x55d ./Core/Src/NVIC.o
 .debug_info    0x0000000000001de5      0x21d ./Core/Src/RCC.o
 .debug_info    0x0000000000002002      0x1a0 ./Core/Src/SysTick.o
 .debug_info    0x00000000000021a2      0x315 ./Core/Src/bspatch.o
 .debug_info    0x00000000000024b7      0x4f0 ./Core/Src/lz.o
 .debug_info    0x00000000000029a7      0x672 ./Core/Src/main.o
 .debug_info    0x0000000000003019      0x3bc ./Core/Src/stm32f1xx_it.o
 .debug_info    0x00000000000033d5       0x22 ./Core/Startup/startup_stm32f103c8tx.o

.debug_abbrev   0x0000000000000000      0xf93
 .debug_abbrev  0x0000000000000000       0x8f ./Core/Src/AFIO.o
 .debug_abbrev  0x000000000000008f      0x217 ./Core/Src/BOOTLOADER.o
 .debug_abbrev  0x00000000000002a6      0x187 ./Core/Src/CAN.o
 .debug_abbrev  0x000000000000042d      0x101 ./Core/Src/DMA.o
 .debug_abbrev  0x000000000000052e      0x12c ./Core/Src/FLASH.o
 .debug_abbrev  0x000000000000065a       0xe2 ./Core/Src/GPIO.o
 .debug_abbrev  0x000000000000073c      0x142 ./Core/Src/NVIC.o
 .debug_abbrev  0x000000000000087e       0xd7 ./Core/Src/RCC.o
 .debug_abbrev  0x0000000000000955      0x131 ./Core/Src/SysTick.o
 .debug_abbrev  0x0000000000000a86       0xfd ./Core/Src/bspatch.o
 .debug_abbrev  0x0000000000000b83      0x142 ./Core/Src/lz.o
 .debug_abbrev  0x0000000000000cc5      0x160 ./Core/Src/main.o
 .debug_abbrev  0x0000000000000e25      0x15c ./Core/Src/stm32f1xx_it.o
 .debug_abbrev  0x0000000000000f81       0x12 ./Core/Startup/startup_stm32f103c8tx.o

.debug_aranges  0x0000000000000000      0x410
 .debug_aranges
                0x0000000000000000       0x20 ./Core/Src/AFIO.o
 .debug_aranges
                0x0000000000000020       0x50 ./Core/Src/BOOTLOADER.o
 .debug_aranges
                0x0000000000000070       0x58 ./Core/Src/CAN.o
 .debug_aranges
                0x00000000000000c8       0x38 ./Core/Src/DMA.o
 .debug_aranges
                0x0000000000000100       0x50 ./Core/Src/FLASH.o
 .debug_aranges
                0x0000000000000150       0x48 ./Core/Src/GPIO.o
 .debug_aranges
                0x0000000000000198       0x80 ./Core/Src/NVIC.o
 .debug_aranges
                0x0000000000000218       0x40 ./Core/Src/RCC.o
 .debug_aranges
                0x0000000000000258       0x30 ./Core/Src/SysTick.o
 .debug_aranges
                0x0000000000000288       0x38 ./Core/Src/bspatch.o
 .debug_aranges
                0x00000000000002c0       0x48 ./Core/Src/lz.o
 .debug_aranges
                0x0000000000000308       0x20 ./Core/Src/main.o
 .debug_aranges
                0x0000000000000328       0xc0 ./Core/Src/stm32f1xx_it.o
 .debug_aranges
                0x00000000000003e8       0x28 ./Core/Startup/startup_stm32f103c8tx.o

.debug_ranges   0x0000000000000000      0x350
 .debug_ranges  0x0000000000000000       0x10 ./Core/Src/AFIO.o
 .debug_ranges  0x0000000000000010       0x58 ./Core/Src/BOOTLOADER.o
 .debug_ranges  0x0000000000000068       0x48 ./Core/Src/CAN.o
 .debug_ranges  0x00000000000000b0       0x28 ./Core/Src/DMA.o
 .debug_ranges  0x00000000000000d8       0x40 ./Core/Src/FLASH.o
 .debug_ranges  0x0000000000000118       0x38 ./Core/Src/GPIO.o
 .debug_ranges  0x0000000000000150       0x70 ./Core/Src/NVIC.o
 .debug_ranges  0x00000000000001c0       0x30 ./Core/Src/RCC.o
 .debug_ranges  0x00000000000001f0       0x20 ./Core/Src/SysTick.o
 .debug_ranges  0x0000000000000210       0x28 ./Core/Src/bspatch.o
 .debug_ranges  0x0000000000000238       0x38 ./Core/Src/lz.o
 .debug_ranges  0x0000000000000270       0x10 ./Core/Src/main.o
 .debug_ranges  0x0000000000000280       0xb0 ./Core/Src/stm32f1xx_it.o
 .debug_ranges  0x0000000000000330       0x20 ./Core/Startup/startup_stm32f103c8tx.o

.debug_macro    0x0000000000000000     0xadc6
 .debug_macro   0x0000000000000000       0x45 ./Core/Src/AFIO.o
 .debug_macro   0x0000000000000045      0xa6c ./Core/Src/AFIO.o
 .debug_macro   0x0000000000000ab1       0x10 ./Core/Src/AFIO.o
 .debug_macro   0x0000000000000ac1      0x160 ./Core/Src/AFIO.o
 .debug_macro   0x0000000000000c21     0x1226 ./Core/Src/AFIO.o
 .debug_macro   0x0000000000001e47      0xe11 ./Core/Src/AFIO.o
 .debug_macro   0x0000000000002c58      0x1db ./Core/Src/BOOTLOADER.o
 .debug_macro   0x0000000000002e33       0x16 ./Core/Src/BOOTLOADER.o
 .debug_macro   0x0000000000002e49     0x6176 ./Core/Src/BOOTLOADER.o
 .debug_macro   0x0000000000008fbf       0x1c ./Core/Src/BOOTLOADER.o
 .debug_macro   0x0000000000008fdb      0x408 ./Core/Src/BOOTLOADER.o
 .debug_macro   0x00000000000093e3       0x82 ./Core/Src/BOOTLOADER.o
 .debug_macro   0x0000000000009465       0x9a ./Core/Src/BOOTLOADER.o
 .debug_macro   0x00000000000094ff       0x18 ./Core/Src/BOOTLOADER.o
 .debug_macro   0x0000000000009517       0x22 ./Core/Src/BOOTLOADER.o
 .debug_macro   0x0000000000009539       0x4c ./Core/Src/BOOTLOADER.o
 .debug_macro   0x0000000000009585       0x94 ./Core/Src/BOOTLOADER.o
 .debug_macro   0x0000000000009619       0x3c ./Core/Src/BOOTLOADER.o
 .debug_macro   0x0000000000009655       0x34 ./Core/Src/BOOTLOADER.o
 .debug_macro   0x0000000000009689       0x16 ./Core/Src/BOOTLOADER.o
 .debug_macro   0x000000000000969f      0x10e ./Core/Src/BOOTLOADER.o
 .debug_macro   0x00000000000097ad       0x8d ./Core/Src/BOOTLOADER.o
 .debug_macro   0x000000000000983a       0x16 ./Core/Src/BOOTLOADER.o
 .debug_macro   0x0000000000009850       0x43 ./Core/Src/BOOTLOADER.o
 .debug_macro   0x0000000000009893       0x57 ./Core/Src/BOOTLOADER.o
 .debug_macro   0x00000000000098ea       0x34 ./Core/Src/BOOTLOADER.o
 .debug_macro   0x000000000000991e       0x10 ./Core/Src/BOOTLOADER.o
 .debug_macro   0x000000000000992e       0x58 ./Core/Src/BOOTLOADER.o
 .debug_macro   0x0000000000009986       0x71 ./Core/Src/BOOTLOADER.o
 .debug_macro   0x00000000000099f7       0x1c ./Core/Src/BOOTLOADER.o
 .debug_macro   0x0000000000009a13      0x12a ./Core/Src/BOOTLOADER.o
 .debug_macro   0x0000000000009b3d      0x341 ./Core/Src/BOOTLOADER.o
 .debug_macro   0x0000000000009e7e       0x16 ./Core/Src/BOOTLOADER.o
 .debug_macro   0x0000000000009e94       0x29 ./Core/Src/BOOTLOADER.o
 .debug_macro   0x0000000000009ebd      0x103 ./Core/Src/BOOTLOADER.o
 .debug_macro   0x0000000000009fc0       0x6a ./Core/Src/BOOTLOADER.o
 .debug_macro   0x000000000000a02a      0x1df ./Core/Src/BOOTLOADER.o
 .debug_macro   0x000000000000a209       0x22 ./Core/Src/BOOTLOADER.o
 .debug_macro   0x000000000000a22b       0x16 ./Core/Src/BOOTLOADER.o
 .debug_macro   0x000000000000a241       0x3c ./Core/Src/CAN.o
 .debug_macro   0x000000000000a27d       0x3c ./Core/Src/DMA.o
 .debug_macro   0x000000000000a2b9       0x2d ./Core/Src/FLASH.o
 .debug_macro   0x000000000000a2e6       0x2a ./Core/Src/GPIO.o
 .debug_macro   0x000000000000a310       0xe2 ./Core/Src/GPIO.o
 .debug_macro   0x000000000000a3f2       0x2a ./Core/Src/NVIC.o
 .debug_macro   0x000000000000a41c       0x16 ./Core/Src/NVIC.o
 .debug_macro   0x000000000000a432       0x45 ./Core/Src/RCC.o
 .debug_macro   0x000000000000a477       0x34 ./Core/Src/RCC.o
 .debug_macro   0x000000000000a4ab       0x42 ./Core/Src/SysTick.o
 .debug_macro   0x000000000000a4ed      0x241 ./Core/Src/bspatch.o
 .debug_macro   0x000000000000a72e       0x1c ./Core/Src/bspatch.o
 .debug_macro   0x000000000000a74a       0x35 ./Core/Src/bspatch.o
 .debug_macro   0x000000000000a77f       0x10 ./Core/Src/bspatch.o
 .debug_macro   0x000000000000a78f       0x10 ./Core/Src/bspatch.o
 .debug_macro   0x000000000000a79f       0x1c ./Core/Src/bspatch.o
 .debug_macro   0x000000000000a7bb       0x52 ./Core/Src/bspatch.o
 .debug_macro   0x000000000000a80d       0x22 ./Core/Src/bspatch.o
 .debug_macro   0x000000000000a82f       0x10 ./Core/Src/bspatch.o
 .debug_macro   0x000000000000a83f       0x52 ./Core/Src/bspatch.o
 .debug_macro   0x000000000000a891       0xd5 ./Core/Src/bspatch.o
 .debug_macro   0x000000000000a966       0x1c ./Core/Src/bspatch.o
 .debug_macro   0x000000000000a982       0x3d ./Core/Src/bspatch.o
 .debug_macro   0x000000000000a9bf       0x16 ./Core/Src/bspatch.o
 .debug_macro   0x000000000000a9d5      0x145 ./Core/Src/bspatch.o
 .debug_macro   0x000000000000ab1a       0x16 ./Core/Src/bspatch.o
 .debug_macro   0x000000000000ab30       0x20 ./Core/Src/bspatch.o
 .debug_macro   0x000000000000ab50       0x17 ./Core/Src/lz.o
 .debug_macro   0x000000000000ab67       0xeb ./Core/Src/main.o
 .debug_macro   0x000000000000ac52       0xe8 ./Core/Src/main.o
 .debug_macro   0x000000000000ad3a       0x1c ./Core/Src/main.o
 .debug_macro   0x000000000000ad56       0x70 ./Core/Src/stm32f1xx_it.o

.debug_line     0x0000000000000000     0x295a
 .debug_line    0x0000000000000000       0x8d ./Core/Src/AFIO.o
 .debug_line    0x000000000000008d      0x898 ./Core/Src/BOOTLOADER.o
 .debug_line    0x0000000000000925      0x360 ./Core/Src/CAN.o
 .debug_line    0x0000000000000c85      0x150 ./Core/Src/DMA.o
 .debug_line    0x0000000000000dd5      0x23f ./Core/Src/FLASH.o
 .debug_line    0x0000000000001014      0x144 ./Core/Src/GPIO.o
 .debug_line    0x0000000000001158      0x282 ./Core/Src/NVIC.o
 .debug_line    0x00000000000013da      0x233 ./Core/Src/RCC.o
 .debug_line    0x000000000000160d       0xdc ./Core/Src/SysTick.o
 .debug_line    0x00000000000016e9      0x7f9 ./Core/Src/bspatch.o
 .debug_line    0x0000000000001ee2      0x591 ./Core/Src/lz.o
 .debug_line    0x0000000000002473      0x145 ./Core/Src/main.o
 .debug_line    0x00000000000025b8      0x31d ./Core/Src/stm32f1xx_it.o
 .debug_line    0x00000000000028d5       0x85 ./Core/Startup/startup_stm32f103c8tx.o

.debug_str      0x0000000000000000    0x39187
 .debug_str     0x0000000000000000     0xf09e ./Core/Src/AFIO.o
                                       0xf10b (size before relaxing)
 .debug_str     0x000000000000f09e    0x24260 ./Core/Src/BOOTLOADER.o
                                      0x2d39d (size before relaxing)
 .debug_str     0x00000000000332fe      0x1ac ./Core/Src/CAN.o
                                      0x20df5 (size before relaxing)
 .debug_str     0x00000000000334aa     0x2511 ./Core/Src/DMA.o
                                       0x5258 (size before relaxing)
 .debug_str     0x00000000000359bb       0x96 ./Core/Src/FLASH.o
                                       0x360c (size before relaxing)
 .debug_str     0x0000000000035a51      0x480 ./Core/Src/GPIO.o
                                       0x319f (size before relaxing)
 .debug_str     0x0000000000035ed1      0x3d4 ./Core/Src/NVIC.o
                                       0x31b4 (size before relaxing)
 .debug_str     0x00000000000362a5      0x153 ./Core/Src/RCC.o
                                       0x914e (size before relaxing)
 .debug_str     0x00000000000363f8      0x10f ./Core/Src/SysTick.o
                                       0x4b6b (size before relaxing)
 .debug_str     0x0000000000036507     0x10c6 ./Core/Src/bspatch.o
                                       0x7f3d (size before relaxing)
 .debug_str     0x00000000000375cd      0x122 ./Core/Src/lz.o
                                       0x2de5 (size before relaxing)
 .debug_str     0x00000000000376ef     0x188b ./Core/Src/main.o
                                      0x3343f (size before relaxing)
 .debug_str     0x0000000000038f7a      0x1d7 ./Core/Src/stm32f1xx_it.o
                                      0x23776 (size before relaxing)
 .debug_str     0x0000000000039151       0x36 ./Core/Startup/startup_stm32f103c8tx.o
                                         0x77 (size before relaxing)

.comment        0x0000000000000000       0x50
 .comment       0x0000000000000000       0x50 ./Core/Src/AFIO.o
                                         0x51 (size before relaxing)
 .comment       0x0000000000000050       0x51 ./Core/Src/BOOTLOADER.o
 .comment       0x0000000000000050       0x51 ./Core/Src/CAN.o
 .comment       0x0000000000000050       0x51 ./Core/Src/DMA.o
 .comment       0x0000000000000050       0x51 ./Core/Src/FLASH.o
 .comment       0x0000000000000050       0x51 ./Core/Src/GPIO.o
 .comment       0x0000000000000050       0x51 ./Core/Src/NVIC.o
 .comment       0x0000000000000050       0x51 ./Core/Src/RCC.o
 .comment       0x0000000000000050       0x51 ./Core/Src/SysTick.o
 .comment       0x0000000000000050       0x51 ./Core/Src/bspatch.o
 .comment       0x0000000000000050       0x51 ./Core/Src/lz.o
 .comment       0x0000000000000050       0x51 ./Core/Src/main.o
 .comment       0x0000000000000050       0x51 ./Core/Src/stm32f1xx_it.o

.debug_frame    0x0000000000000000      0xf70
 .debug_frame   0x0000000000000000       0x30 ./Core/Src/AFIO.o
 .debug_frame   0x0000000000000030      0x108 ./Core/Src/BOOTLOADER.o
 .debug_frame   0x0000000000000138      0x150 ./Core/Src/CAN.o
 .debug_frame   0x0000000000000288       0xb4 ./Core/Src/DMA.o
 .debug_frame   0x000000000000033c      0x110 ./Core/Src/FLASH.o
 .debug_frame   0x000000000000044c      0x100 ./Core/Src/GPIO.o
 .debug_frame   0x000000000000054c      0x208 ./Core/Src/NVIC.o
 .debug_frame   0x0000000000000754       0xc0 ./Core/Src/RCC.o
 .debug_frame   0x0000000000000814       0x74 ./Core/Src/SysTick.o
 .debug_frame   0x0000000000000888       0xa4 ./Core/Src/bspatch.o
 .debug_frame   0x000000000000092c       0xfc ./Core/Src/lz.o
 .debug_frame   0x0000000000000a28       0x30 ./Core/Src/main.o
 .debug_frame   0x0000000000000a58      0x28c ./Core/Src/stm32f1xx_it.o
 .debug_frame   0x0000000000000ce4       0x30 c:/st/stm32cubeide_1.10.1/stm32cubeide/plugins/com.st.stm32cube.ide.mcu.externaltools.gnu-tools-for-stm32.10.3-2021.10.win32_1.0.100.202210260954/tools/bin/../lib/gcc/arm-none-eabi/10.3.1/../../../../arm-none-eabi/lib/thumb/v7-m/nofp\libc_nano.a(lib_a-malloc.o)
 .debug_frame   0x0000000000000d14       0x28 c:/st/stm32cubeide_1.10.1/stm32cubeide/plugins/com.st.stm32cube.ide.mcu.externaltools.gnu-tools-for-stm32.10.3-2021.10.win32_1.0.100.202210260954/tools/bin/../lib/gcc/arm-none-eabi/10.3.1/../../../../arm-none-eabi/lib/thumb/v7-m/nofp\libc_nano.a(lib_a-memcmp.o)
 .debug_frame   0x0000000000000d3c       0x28 c:/st/stm32cubeide_1.10.1/stm32cubeide/plugins/com.st.stm32cube.ide.mcu.externaltools.gnu-tools-for-stm32.10.3-2021.10.win32_1.0.100.202210260954/tools/bin/../lib/gcc/arm-none-eabi/10.3.1/../../../../arm-none-eabi/lib/thumb/v7-m/nofp\libc_nano.a(lib_a-memcpy-stub.o)
 .debug_frame   0x0000000000000d64       0x38 c:/st/stm32cubeide_1.10.1/stm32cubeide/plugins/com.st.stm32cube.ide.mcu.externaltools.gnu-tools-for-stm32.10.3-2021.10.win32_1.0.100.202210260954/tools/bin/../lib/gcc/arm-none-eabi/10.3.1/../../../../arm-none-eabi/lib/thumb/v7-m/nofp\libc_nano.a(lib_a-nano-freer.o)
 .debug_frame   0x0000000000000d9c       0x4c c:/st/stm32cubeide_1.10.1/stm32cubeide/plugins/com.st.stm32cube.ide.mcu.externaltools.gnu-tools-for-stm32.10.3-2021.10.win32_1.0.100.202210260954/tools/bin/../lib/gcc/arm-none-eabi/10.3.1/../../../../arm-none-eabi/lib/thumb/v7-m/nofp\libc_nano.a(lib_a-nano-mallocr.o)
 .debug_frame   0x0000000000000de8       0x2c c:/st/stm32cubeide_1.10.1/stm32cubeide/plugins/com.st.stm32cube.ide.mcu.externaltools.gnu-tools-for-stm32.10.3-2021.10.win32_1.0.100.202210260954/tools/bin/../lib/gcc/arm-none-eabi/10.3.1/../../../../arm-none-eabi/lib/thumb/v7-m/nofp\libc_nano.a(lib_a-sbrkr.o)
 .debug_frame   0x0000000000000e14       0x30 c:/st/stm32cubeide_1.10.1/stm32cubeide/plugins/com.st.stm32cube.ide.mcu.externaltools.gnu-tools-for-stm32.10.3-2021.10.win32_1.0.100.202210260954/tools/bin/../lib/gcc/arm-none-eabi/10.3.1/../../../../arm-none-eabi/lib/thumb/v7-m/nofp\libc_nano.a(lib_a-mlock.o)
 .debug_frame   0x0000000000000e44       0x5c c:/st/stm32cubeide_1.10.1/stm32cubeide/plugins/com.st.stm32cube.ide.mcu.externaltools.gnu-tools-for-stm32.10.3-2021.10.win32_1.0.100.202210260954/tools/bin/../lib/gcc/arm-none-eabi/10.3.1/../../../../arm-none-eabi/lib/thumb/v7-m/nofp\libc_nano.a(lib_a-reent.o)
 .debug_frame   0x0000000000000ea0       0xb0 c:/st/stm32cubeide_1.10.1/stm32cubeide/plugins/com.st.stm32cube.ide.mcu.externaltools.gnu-tools-for-stm32.10.3-2021.10.win32_1.0.100.202210260954/tools/bin/../lib/gcc/arm-none-eabi/10.3.1/../../../../arm-none-eabi/lib/thumb/v7-m/nofp\libc_nano.a(lib_a-lock.o)
 .debug_frame   0x0000000000000f50       0x20 c:/st/stm32cubeide_1.10.1/stm32cubeide/plugins/com.st.stm32cube.ide.mcu.externaltools.gnu-tools-for-stm32.10.3-2021.10.win32_1.0.100.202210260954/tools/bin/../lib/gcc/arm-none-eabi/10.3.1/../../../../arm-none-eabi/lib/thumb/v7-m/nofp\libnosys.a(sbrk.o)
