../Core/mbedTLS/library/psa_crypto_core_common.h:41:30:psa_crypto_buffer_offset	16	static
C:/Users/moham/STM32CubeIDE/workspace_1.10.1/Gateway/Core/mbedTLS/include/psa/crypto_values.h:2455:19:mbedtls_svc_key_id_is_null	16	static
C:/Users/moham/STM32CubeIDE/workspace_1.10.1/Gateway/Core/mbedTLS/include/psa/crypto_struct.h:295:36:psa_get_key_id	16	static
C:/Users/moham/STM32CubeIDE/workspace_1.10.1/Gateway/Core/mbedTLS/include/psa/crypto_struct.h:322:34:psa_get_key_lifetime	16	static
C:/Users/moham/STM32CubeIDE/workspace_1.10.1/Gateway/Core/mbedTLS/include/psa/crypto_struct.h:328:20:psa_extend_key_usage_flags	16	static
C:/Users/moham/STM32CubeIDE/workspace_1.10.1/Gateway/Core/mbedTLS/include/psa/crypto_struct.h:339:20:psa_set_key_usage_flags	16	static
C:/Users/moham/STM32CubeIDE/workspace_1.10.1/Gateway/Core/mbedTLS/include/psa/crypto_struct.h:371:20:psa_set_key_type	16	static
C:/Users/moham/STM32CubeIDE/workspace_1.10.1/Gateway/Core/mbedTLS/include/psa/crypto_struct.h:386:30:psa_get_key_type	16	static
C:/Users/moham/STM32CubeIDE/workspace_1.10.1/Gateway/Core/mbedTLS/include/psa/crypto_struct.h:392:20:psa_set_key_bits	16	static
C:/Users/moham/STM32CubeIDE/workspace_1.10.1/Gateway/Core/mbedTLS/include/psa/crypto_struct.h:402:22:psa_get_key_bits	16	static
../Core/mbedTLS/library/psa_crypto_core.h:49:19:mbedtls_psa_safer_memcmp	32	static
../Core/mbedTLS/library/psa_crypto_slot_management.h:181:19:psa_key_lifetime_is_external	16	static
../Core/mbedTLS/library/psa_crypto_random_impl.h:92:20:mbedtls_psa_drbg_init	16	static
../Core/mbedTLS/library/psa_crypto_random_impl.h:105:20:mbedtls_psa_drbg_free	16	static
../Core/mbedTLS/library/psa_crypto_random_impl.h:182:19:mbedtls_psa_drbg_seed	32	static
../Core/mbedTLS/library/psa_crypto.c:99:12:key_type_is_raw_bytes	16	static
../Core/mbedTLS/library/psa_crypto.c:127:5:psa_can_do_hash	16	static
../Core/mbedTLS/library/psa_crypto.c:135:12:psa_is_dh_key_size_valid	16	static
../Core/mbedTLS/library/psa_crypto.c:148:14:mbedtls_to_psa_error	24	static
../Core/mbedTLS/library/psa_crypto.c:368:13:psa_wipe_tag_output_buffer	32	static
../Core/mbedTLS/library/psa_crypto.c:394:22:mbedtls_ecc_group_of_psa	24	static
../Core/mbedTLS/library/psa_crypto.c:487:14:psa_validate_unstructured_key_bit_size	16	static
../Core/mbedTLS/library/psa_crypto.c:557:38:psa_mac_key_can_do	16	static
../Core/mbedTLS/library/psa_crypto.c:583:14:psa_allocate_buffer_to_slot	16	static
../Core/mbedTLS/library/psa_crypto.c:599:14:psa_copy_key_material_into_slot	32	static
../Core/mbedTLS/library/psa_crypto.c:613:14:psa_import_key_into_slot	48	static
../Core/mbedTLS/library/psa_crypto.c:688:24:psa_key_policy_algorithm_intersection	48	static
../Core/mbedTLS/library/psa_crypto.c:787:12:psa_key_algorithm_permits	32	static
../Core/mbedTLS/library/psa_crypto.c:885:21:psa_key_policy_permits	24	static
../Core/mbedTLS/library/psa_crypto.c:925:21:psa_restrict_key_policy	32	static
../Core/mbedTLS/library/psa_crypto.c:961:21:psa_get_and_lock_key_slot_with_policy	32	static
../Core/mbedTLS/library/psa_crypto.c:1021:21:psa_get_and_lock_transparent_key_slot_with_policy	32	static
../Core/mbedTLS/library/psa_crypto.c:1042:14:psa_remove_key_data_from_memory	16	static
../Core/mbedTLS/library/psa_crypto.c:1059:14:psa_wipe_key_slot	24	static
../Core/mbedTLS/library/psa_crypto.c:1088:14:psa_destroy_key	32	static
../Core/mbedTLS/library/psa_crypto.c:1207:21:psa_get_rsa_public_exponent	48	static
../Core/mbedTLS/library/psa_crypto.c:1252:14:psa_get_key_attributes	40	static
../Core/mbedTLS/library/psa_crypto.c:1334:21:psa_export_key_buffer_internal	24	static
../Core/mbedTLS/library/psa_crypto.c:1350:14:psa_export_key_internal	40	static
../Core/mbedTLS/library/psa_crypto.c:1372:14:psa_export_key	88	static
../Core/mbedTLS/library/psa_crypto.c:1416:14:psa_export_public_key_internal	40	static
../Core/mbedTLS/library/psa_crypto.c:1483:14:psa_export_public_key	88	static
../Core/mbedTLS/library/psa_crypto.c:1545:21:psa_validate_key_policy	16	static
../Core/mbedTLS/library/psa_crypto.c:1576:21:psa_validate_key_attributes	32	static
../Core/mbedTLS/library/psa_crypto.c:1655:21:psa_start_key_creation	48	static
../Core/mbedTLS/library/psa_crypto.c:1784:21:psa_finish_key_creation	32	static
../Core/mbedTLS/library/psa_crypto.c:1861:13:psa_fail_key_creation	16	static
../Core/mbedTLS/library/psa_crypto.c:1899:21:psa_validate_optional_attributes	64	static
../Core/mbedTLS/library/psa_crypto.c:1967:14:psa_import_key	64	static
../Core/mbedTLS/library/psa_crypto.c:2092:14:psa_copy_key	104	static
../Core/mbedTLS/library/psa_crypto.c:2203:14:psa_hash_abort	24	static
../Core/mbedTLS/library/psa_crypto.c:2216:14:psa_hash_setup	24	static
../Core/mbedTLS/library/psa_crypto.c:2246:14:psa_hash_update	32	static
../Core/mbedTLS/library/psa_crypto.c:2273:14:psa_hash_finish	32	static
../Core/mbedTLS/library/psa_crypto.c:2289:14:psa_hash_verify	96	static
../Core/mbedTLS/library/psa_crypto.c:2322:14:psa_hash_compute	32	static
../Core/mbedTLS/library/psa_crypto.c:2336:14:psa_hash_compare	104	static
../Core/mbedTLS/library/psa_crypto.c:2367:14:psa_hash_clone	24	static
../Core/mbedTLS/library/psa_crypto.c:2389:14:psa_mac_abort	24	static
../Core/mbedTLS/library/psa_crypto.c:2404:21:psa_mac_finalize_alg_and_key_validation	40	static
../Core/mbedTLS/library/psa_crypto.c:2457:21:psa_mac_setup	88	static
../Core/mbedTLS/library/psa_crypto.c:2517:14:psa_mac_sign_setup	24	static
../Core/mbedTLS/library/psa_crypto.c:2524:14:psa_mac_verify_setup	24	static
../Core/mbedTLS/library/psa_crypto.c:2531:14:psa_mac_update	32	static
../Core/mbedTLS/library/psa_crypto.c:2554:14:psa_mac_sign_finish	32	static
../Core/mbedTLS/library/psa_crypto.c:2607:14:psa_mac_verify_finish	32	static
../Core/mbedTLS/library/psa_crypto.c:2638:21:psa_mac_compute_internal	112	static
../Core/mbedTLS/library/psa_crypto.c:2702:14:psa_mac_compute	40	static
../Core/mbedTLS/library/psa_crypto.c:2715:14:psa_mac_verify	112	static
../Core/mbedTLS/library/psa_crypto.c:2753:21:psa_sign_verify_check_alg	16	static
../Core/mbedTLS/library/psa_crypto.c:2775:21:psa_sign_internal	104	static
../Core/mbedTLS/library/psa_crypto.c:2845:21:psa_verify_internal	96	static
../Core/mbedTLS/library/psa_crypto.c:2894:14:psa_sign_message_builtin	120	static
../Core/mbedTLS/library/psa_crypto.c:2929:14:psa_sign_message	40	static
../Core/mbedTLS/library/psa_crypto.c:2942:14:psa_verify_message_builtin	112	static
../Core/mbedTLS/library/psa_crypto.c:2976:14:psa_verify_message	40	static
../Core/mbedTLS/library/psa_crypto.c:2988:14:psa_sign_hash_builtin	48	static
../Core/mbedTLS/library/psa_crypto.c:3036:14:psa_sign_hash	40	static
../Core/mbedTLS/library/psa_crypto.c:3049:14:psa_verify_hash_builtin	40	static
../Core/mbedTLS/library/psa_crypto.c:3096:14:psa_verify_hash	40	static
../Core/mbedTLS/library/psa_crypto.c:3108:14:psa_asymmetric_encrypt	112	static
../Core/mbedTLS/library/psa_crypto.c:3159:14:psa_asymmetric_decrypt	112	static
../Core/mbedTLS/library/psa_crypto.c:3216:6:psa_interruptible_set_max_ops	16	static
../Core/mbedTLS/library/psa_crypto.c:3221:10:psa_interruptible_get_max_ops	4	static
../Core/mbedTLS/library/psa_crypto.c:3226:10:psa_sign_hash_get_num_ops	16	static
../Core/mbedTLS/library/psa_crypto.c:3232:10:psa_verify_hash_get_num_ops	16	static
../Core/mbedTLS/library/psa_crypto.c:3238:21:psa_sign_hash_abort_internal	24	static
../Core/mbedTLS/library/psa_crypto.c:3261:14:psa_sign_hash_start	96	static
../Core/mbedTLS/library/psa_crypto.c:3323:14:psa_sign_hash_complete	32	static
../Core/mbedTLS/library/psa_crypto.c:3369:14:psa_sign_hash_abort	24	static
../Core/mbedTLS/library/psa_crypto.c:3386:21:psa_verify_hash_abort_internal	24	static
../Core/mbedTLS/library/psa_crypto.c:3409:14:psa_verify_hash_start	104	static
../Core/mbedTLS/library/psa_crypto.c:3467:14:psa_verify_hash_complete	24	static
../Core/mbedTLS/library/psa_crypto.c:3498:14:psa_verify_hash_abort	24	static
../Core/mbedTLS/library/psa_crypto.c:3520:6:mbedtls_psa_interruptible_set_max_ops	16	static
../Core/mbedTLS/library/psa_crypto.c:3541:10:mbedtls_psa_sign_hash_get_num_ops	16	static
../Core/mbedTLS/library/psa_crypto.c:3557:10:mbedtls_psa_verify_hash_get_num_ops	16	static
../Core/mbedTLS/library/psa_crypto.c:3573:14:mbedtls_psa_sign_hash_start	32	static
../Core/mbedTLS/library/psa_crypto.c:3647:14:mbedtls_psa_sign_hash_complete	24	static
../Core/mbedTLS/library/psa_crypto.c:3755:14:mbedtls_psa_sign_hash_abort	16	static
../Core/mbedTLS/library/psa_crypto.c:3786:14:mbedtls_psa_verify_hash_start	40	static
../Core/mbedTLS/library/psa_crypto.c:3891:14:mbedtls_psa_verify_hash_complete	16	static
../Core/mbedTLS/library/psa_crypto.c:3928:14:mbedtls_psa_verify_hash_abort	16	static
../Core/mbedTLS/library/psa_crypto.c:3965:21:psa_cipher_setup	96	static
../Core/mbedTLS/library/psa_crypto.c:4034:14:psa_cipher_encrypt_setup	24	static
../Core/mbedTLS/library/psa_crypto.c:4041:14:psa_cipher_decrypt_setup	24	static
../Core/mbedTLS/library/psa_crypto.c:4048:14:psa_cipher_generate_iv	48	static
../Core/mbedTLS/library/psa_crypto.c:4099:14:psa_cipher_set_iv	32	static
../Core/mbedTLS/library/psa_crypto.c:4133:14:psa_cipher_update	40	static
../Core/mbedTLS/library/psa_crypto.c:4167:14:psa_cipher_finish	32	static
../Core/mbedTLS/library/psa_crypto.c:4200:14:psa_cipher_abort	16	static
../Core/mbedTLS/library/psa_crypto.c:4218:14:psa_cipher_encrypt	136	static
../Core/mbedTLS/library/psa_crypto.c:4290:14:psa_cipher_decrypt	104	static
../Core/mbedTLS/library/psa_crypto.c:4351:24:psa_aead_get_base_algorithm	16	static
../Core/mbedTLS/library/psa_crypto.c:4357:21:psa_aead_check_nonce_length	24	static
../Core/mbedTLS/library/psa_crypto.c:4400:21:psa_aead_check_algorithm	16	static
../Core/mbedTLS/library/psa_crypto.c:4409:14:psa_aead_encrypt	120	static
../Core/mbedTLS/library/psa_crypto.c:4464:14:psa_aead_decrypt	120	static
../Core/mbedTLS/library/psa_crypto.c:4519:21:psa_validate_tag_length	24	static
../Core/mbedTLS/library/psa_crypto.c:4559:21:psa_aead_setup	96	static
../Core/mbedTLS/library/psa_crypto.c:4639:14:psa_aead_encrypt_setup	24	static
../Core/mbedTLS/library/psa_crypto.c:4647:14:psa_aead_decrypt_setup	24	static
../Core/mbedTLS/library/psa_crypto.c:4655:14:psa_aead_generate_nonce	48	static
../Core/mbedTLS/library/psa_crypto.c:4712:14:psa_aead_set_nonce	32	static
../Core/mbedTLS/library/psa_crypto.c:4748:14:psa_aead_set_lengths	32	static
../Core/mbedTLS/library/psa_crypto.c:4813:14:psa_aead_update_ad	32	static
../Core/mbedTLS/library/psa_crypto.c:4859:14:psa_aead_update	40	static
../Core/mbedTLS/library/psa_crypto.c:4917:21:psa_aead_final_checks	16	static
../Core/mbedTLS/library/psa_crypto.c:4932:14:psa_aead_finish	48	static
../Core/mbedTLS/library/psa_crypto.c:4977:14:psa_aead_verify	40	static
../Core/mbedTLS/library/psa_crypto.c:5010:14:psa_aead_abort	24	static
../Core/mbedTLS/library/psa_crypto.c:5043:21:psa_key_derivation_start_hmac	72	static
../Core/mbedTLS/library/psa_crypto.c:5073:24:psa_key_derivation_get_kdf_alg	16	static
../Core/mbedTLS/library/psa_crypto.c:5083:14:psa_key_derivation_abort	24	static
../Core/mbedTLS/library/psa_crypto.c:5158:14:psa_key_derivation_get_capacity	16	static
../Core/mbedTLS/library/psa_crypto.c:5170:14:psa_key_derivation_set_capacity	16	static
../Core/mbedTLS/library/psa_crypto.c:5185:21:psa_key_derivation_hkdf_read	48	static
../Core/mbedTLS/library/psa_crypto.c:5278:21:psa_key_derivation_tls12_prf_generate_next_block	424	static
../Core/mbedTLS/library/psa_crypto.c:5398:21:psa_key_derivation_tls12_prf_read	40	static
../Core/mbedTLS/library/psa_crypto.c:5450:21:psa_key_derivation_tls12_ecjpake_to_pms_read	40	static
../Core/mbedTLS/library/psa_crypto.c:5608:14:psa_key_derivation_output_bytes	40	static
../Core/mbedTLS/library/psa_crypto.c:5688:13:psa_des_set_key_parity	16	static
../Core/mbedTLS/library/psa_crypto.c:5736:21:psa_generate_derived_ecc_key_weierstrass_helper	200	static
../Core/mbedTLS/library/psa_crypto.c:5850:21:psa_generate_derived_ecc_key_montgomery_helper	32	static
../Core/mbedTLS/library/psa_crypto.c:5906:21:psa_generate_derived_key_internal	104	static
../Core/mbedTLS/library/psa_crypto.c:5999:14:psa_key_derivation_output_key	40	static
../Core/mbedTLS/library/psa_crypto.c:6053:12:is_kdf_alg_supported	16	static
../Core/mbedTLS/library/psa_crypto.c:6093:21:psa_hash_try_support	256	static
../Core/mbedTLS/library/psa_crypto.c:6101:21:psa_key_derivation_setup_kdf	32	static
../Core/mbedTLS/library/psa_crypto.c:6151:21:psa_key_agreement_try_support	16	static
../Core/mbedTLS/library/psa_crypto.c:6167:12:psa_key_derivation_allows_free_form_secret_input	16	static
../Core/mbedTLS/library/psa_crypto.c:6180:14:psa_key_derivation_setup	32	static
../Core/mbedTLS/library/psa_crypto.c:6223:21:psa_hkdf_input	32	static
../Core/mbedTLS/library/psa_crypto.c:6355:21:psa_tls12_prf_set_seed	24	static
../Core/mbedTLS/library/psa_crypto.c:6378:21:psa_tls12_prf_set_key	24	static
../Core/mbedTLS/library/psa_crypto.c:6402:21:psa_tls12_prf_set_label	24	static
../Core/mbedTLS/library/psa_crypto.c:6425:21:psa_tls12_prf_input	24	static
../Core/mbedTLS/library/psa_crypto.c:6445:21:psa_tls12_prf_psk_to_ms_set_key	40	static
../Core/mbedTLS/library/psa_crypto.c:6510:21:psa_tls12_prf_psk_to_ms_set_other_key	24	static
../Core/mbedTLS/library/psa_crypto.c:6536:21:psa_tls12_prf_psk_to_ms_input	24	static
../Core/mbedTLS/library/psa_crypto.c:6561:21:psa_tls12_ecjpake_to_pms_input	24	static
../Core/mbedTLS/library/psa_crypto.c:6716:12:psa_key_derivation_check_input_type	16	static
../Core/mbedTLS/library/psa_crypto.c:6763:21:psa_key_derivation_input_internal	40	static
../Core/mbedTLS/library/psa_crypto.c:6823:21:psa_key_derivation_input_integer_internal	32	static
../Core/mbedTLS/library/psa_crypto.c:6850:14:psa_key_derivation_input_bytes	32	static
../Core/mbedTLS/library/psa_crypto.c:6861:14:psa_key_derivation_input_integer	24	static
../Core/mbedTLS/library/psa_crypto.c:6869:14:psa_key_derivation_input_key	48	static
../Core/mbedTLS/library/psa_crypto.c:6908:14:psa_key_agreement_raw_builtin	48	static
../Core/mbedTLS/library/psa_crypto.c:6960:21:psa_key_agreement_raw_internal	96	static
../Core/mbedTLS/library/psa_crypto.c:6988:21:psa_key_agreement_internal	1088	static
../Core/mbedTLS/library/psa_crypto.c:7023:14:psa_key_derivation_key_agreement	48	static
../Core/mbedTLS/library/psa_crypto.c:7059:14:psa_raw_key_agreement	56	static
../Core/mbedTLS/library/psa_crypto.c:7127:13:mbedtls_psa_random_init	16	static
../Core/mbedTLS/library/psa_crypto.c:7159:13:mbedtls_psa_random_free	16	static
../Core/mbedTLS/library/psa_crypto.c:7171:21:mbedtls_psa_random_seed	24	static
../Core/mbedTLS/library/psa_crypto.c:7185:14:psa_generate_random	24	static
../Core/mbedTLS/library/psa_crypto.c:7291:21:psa_validate_key_type_and_size_for_key_generation	24	static
../Core/mbedTLS/library/psa_crypto.c:7337:14:psa_generate_key_internal	32	static
../Core/mbedTLS/library/psa_crypto.c:7398:14:psa_generate_key	32	static
../Core/mbedTLS/library/psa_crypto.c:7478:14:mbedtls_psa_crypto_configure_entropy_sources	16	static
../Core/mbedTLS/library/psa_crypto.c:7491:6:mbedtls_psa_crypto_free	8	static
../Core/mbedTLS/library/psa_crypto.c:7531:14:psa_crypto_init	16	static
../Core/mbedTLS/library/psa_crypto.c:7585:14:psa_crypto_driver_pake_get_password_len	16	static
../Core/mbedTLS/library/psa_crypto.c:7598:14:psa_crypto_driver_pake_get_password	24	static
../Core/mbedTLS/library/psa_crypto.c:7616:14:psa_crypto_driver_pake_get_user_len	16	static
../Core/mbedTLS/library/psa_crypto.c:7629:14:psa_crypto_driver_pake_get_user	24	static
../Core/mbedTLS/library/psa_crypto.c:7647:14:psa_crypto_driver_pake_get_peer_len	16	static
../Core/mbedTLS/library/psa_crypto.c:7660:14:psa_crypto_driver_pake_get_peer	24	static
../Core/mbedTLS/library/psa_crypto.c:7678:14:psa_crypto_driver_pake_get_cipher_suite	16	static
../Core/mbedTLS/library/psa_crypto.c:7692:14:psa_pake_setup	24	static
../Core/mbedTLS/library/psa_crypto.c:7740:14:psa_pake_set_password_key	80	static
../Core/mbedTLS/library/psa_crypto.c:7789:14:psa_pake_set_user	32	static
../Core/mbedTLS/library/psa_crypto.c:7826:14:psa_pake_set_peer	32	static
../Core/mbedTLS/library/psa_crypto.c:7863:14:psa_pake_set_role	24	static
../Core/mbedTLS/library/psa_crypto.c:7895:38:convert_jpake_computation_stage_to_driver_step	16	static
../Core/mbedTLS/library/psa_crypto.c:7949:21:psa_pake_complete_inputs	96	static
../Core/mbedTLS/library/psa_crypto.c:8000:21:psa_jpake_output_prologue	24	static
../Core/mbedTLS/library/psa_crypto.c:8072:21:psa_jpake_output_epilogue	24	static
../Core/mbedTLS/library/psa_crypto.c:8093:14:psa_pake_output	40	static
../Core/mbedTLS/library/psa_crypto.c:8166:21:psa_jpake_input_prologue	24	static
../Core/mbedTLS/library/psa_crypto.c:8238:21:psa_jpake_input_epilogue	24	static
../Core/mbedTLS/library/psa_crypto.c:8259:14:psa_pake_input	40	static
../Core/mbedTLS/library/psa_crypto.c:8332:14:psa_pake_get_implicit_key	368	static
../Core/mbedTLS/library/psa_crypto.c:8382:14:psa_pake_abort	24	static
